Archive member included to satisfy reference by file (symbol)

/opt/Atollic_TrueSTUDIO_for_STM32_x86_64_9.2.0/ARMTools/bin/../lib/gcc/arm-atollic-eabi/6.3.1/../../../../arm-atollic-eabi/lib/armv7e-m/fpu/libc_nano.a(lib_a-init.o)
                              startup/startup_stm32l475xx.o (__libc_init_array)
/opt/Atollic_TrueSTUDIO_for_STM32_x86_64_9.2.0/ARMTools/bin/../lib/gcc/arm-atollic-eabi/6.3.1/../../../../arm-atollic-eabi/lib/armv7e-m/fpu/libc_nano.a(lib_a-malloc.o)
                              Src/tm_stm32_delay.o (malloc)
/opt/Atollic_TrueSTUDIO_for_STM32_x86_64_9.2.0/ARMTools/bin/../lib/gcc/arm-atollic-eabi/6.3.1/../../../../arm-atollic-eabi/lib/armv7e-m/fpu/libc_nano.a(lib_a-memset.o)
                              Src/dfsdm.o (memset)
/opt/Atollic_TrueSTUDIO_for_STM32_x86_64_9.2.0/ARMTools/bin/../lib/gcc/arm-atollic-eabi/6.3.1/../../../../arm-atollic-eabi/lib/armv7e-m/fpu/libc_nano.a(lib_a-nano-freer.o)
                              /opt/Atollic_TrueSTUDIO_for_STM32_x86_64_9.2.0/ARMTools/bin/../lib/gcc/arm-atollic-eabi/6.3.1/../../../../arm-atollic-eabi/lib/armv7e-m/fpu/libc_nano.a(lib_a-malloc.o) (_free_r)
/opt/Atollic_TrueSTUDIO_for_STM32_x86_64_9.2.0/ARMTools/bin/../lib/gcc/arm-atollic-eabi/6.3.1/../../../../arm-atollic-eabi/lib/armv7e-m/fpu/libc_nano.a(lib_a-nano-mallocr.o)
                              /opt/Atollic_TrueSTUDIO_for_STM32_x86_64_9.2.0/ARMTools/bin/../lib/gcc/arm-atollic-eabi/6.3.1/../../../../arm-atollic-eabi/lib/armv7e-m/fpu/libc_nano.a(lib_a-malloc.o) (_malloc_r)
/opt/Atollic_TrueSTUDIO_for_STM32_x86_64_9.2.0/ARMTools/bin/../lib/gcc/arm-atollic-eabi/6.3.1/../../../../arm-atollic-eabi/lib/armv7e-m/fpu/libc_nano.a(lib_a-sbrkr.o)
                              /opt/Atollic_TrueSTUDIO_for_STM32_x86_64_9.2.0/ARMTools/bin/../lib/gcc/arm-atollic-eabi/6.3.1/../../../../arm-atollic-eabi/lib/armv7e-m/fpu/libc_nano.a(lib_a-nano-mallocr.o) (_sbrk_r)
/opt/Atollic_TrueSTUDIO_for_STM32_x86_64_9.2.0/ARMTools/bin/../lib/gcc/arm-atollic-eabi/6.3.1/../../../../arm-atollic-eabi/lib/armv7e-m/fpu/libc_nano.a(lib_a-snprintf.o)
                              Src/main.o (snprintf)
/opt/Atollic_TrueSTUDIO_for_STM32_x86_64_9.2.0/ARMTools/bin/../lib/gcc/arm-atollic-eabi/6.3.1/../../../../arm-atollic-eabi/lib/armv7e-m/fpu/libc_nano.a(lib_a-strcpy.o)
                              Src/main.o (strcpy)
/opt/Atollic_TrueSTUDIO_for_STM32_x86_64_9.2.0/ARMTools/bin/../lib/gcc/arm-atollic-eabi/6.3.1/../../../../arm-atollic-eabi/lib/armv7e-m/fpu/libc_nano.a(lib_a-impure.o)
                              /opt/Atollic_TrueSTUDIO_for_STM32_x86_64_9.2.0/ARMTools/bin/../lib/gcc/arm-atollic-eabi/6.3.1/../../../../arm-atollic-eabi/lib/armv7e-m/fpu/libc_nano.a(lib_a-malloc.o) (_impure_ptr)
/opt/Atollic_TrueSTUDIO_for_STM32_x86_64_9.2.0/ARMTools/bin/../lib/gcc/arm-atollic-eabi/6.3.1/../../../../arm-atollic-eabi/lib/armv7e-m/fpu/libc_nano.a(lib_a-mlock.o)
                              /opt/Atollic_TrueSTUDIO_for_STM32_x86_64_9.2.0/ARMTools/bin/../lib/gcc/arm-atollic-eabi/6.3.1/../../../../arm-atollic-eabi/lib/armv7e-m/fpu/libc_nano.a(lib_a-nano-freer.o) (__malloc_lock)
/opt/Atollic_TrueSTUDIO_for_STM32_x86_64_9.2.0/ARMTools/bin/../lib/gcc/arm-atollic-eabi/6.3.1/../../../../arm-atollic-eabi/lib/armv7e-m/fpu/libc_nano.a(lib_a-nano-svfprintf.o)
                              /opt/Atollic_TrueSTUDIO_for_STM32_x86_64_9.2.0/ARMTools/bin/../lib/gcc/arm-atollic-eabi/6.3.1/../../../../arm-atollic-eabi/lib/armv7e-m/fpu/libc_nano.a(lib_a-snprintf.o) (_svfprintf_r)
/opt/Atollic_TrueSTUDIO_for_STM32_x86_64_9.2.0/ARMTools/bin/../lib/gcc/arm-atollic-eabi/6.3.1/../../../../arm-atollic-eabi/lib/armv7e-m/fpu/libc_nano.a(lib_a-nano-vfprintf_i.o)
                              /opt/Atollic_TrueSTUDIO_for_STM32_x86_64_9.2.0/ARMTools/bin/../lib/gcc/arm-atollic-eabi/6.3.1/../../../../arm-atollic-eabi/lib/armv7e-m/fpu/libc_nano.a(lib_a-nano-svfprintf.o) (_printf_i)
/opt/Atollic_TrueSTUDIO_for_STM32_x86_64_9.2.0/ARMTools/bin/../lib/gcc/arm-atollic-eabi/6.3.1/../../../../arm-atollic-eabi/lib/armv7e-m/fpu/libc_nano.a(lib_a-reent.o)
                              /opt/Atollic_TrueSTUDIO_for_STM32_x86_64_9.2.0/ARMTools/bin/../lib/gcc/arm-atollic-eabi/6.3.1/../../../../arm-atollic-eabi/lib/armv7e-m/fpu/libc_nano.a(lib_a-sbrkr.o) (errno)
/opt/Atollic_TrueSTUDIO_for_STM32_x86_64_9.2.0/ARMTools/bin/../lib/gcc/arm-atollic-eabi/6.3.1/../../../../arm-atollic-eabi/lib/armv7e-m/fpu/libc_nano.a(lib_a-memchr.o)
                              /opt/Atollic_TrueSTUDIO_for_STM32_x86_64_9.2.0/ARMTools/bin/../lib/gcc/arm-atollic-eabi/6.3.1/../../../../arm-atollic-eabi/lib/armv7e-m/fpu/libc_nano.a(lib_a-nano-svfprintf.o) (memchr)
/opt/Atollic_TrueSTUDIO_for_STM32_x86_64_9.2.0/ARMTools/bin/../lib/gcc/arm-atollic-eabi/6.3.1/../../../../arm-atollic-eabi/lib/armv7e-m/fpu/libc_nano.a(lib_a-memcpy-stub.o)
[...]
Memory Configuration

Name             Origin             Length             Attributes
RAM              0x0000000020000000 0x0000000000018000 xrw
RAM2             0x0000000010000000 0x0000000000008000 xrw
FLASH            0x0000000008000000 0x0000000000100000 xr
*default*        0x0000000000000000 0xffffffffffffffff

Linker script and memory map

LOAD /opt/Atollic_TrueSTUDIO_for_STM32_x86_64_9.2.0/ARMTools/bin/../lib/gcc/arm-atollic-eabi/6.3.1/armv7e-m/fpu/crti.o
LOAD /opt/Atollic_TrueSTUDIO_for_STM32_x86_64_9.2.0/ARMTools/bin/../lib/gcc/arm-atollic-eabi/6.3.1/armv7e-m/fpu/crtbegin.o
LOAD Drivers/STM32L4xx_HAL_Driver/Src/stm32l4xx_hal.o
LOAD Drivers/STM32L4xx_HAL_Driver/Src/stm32l4xx_hal_cortex.o
LOAD Drivers/STM32L4xx_HAL_Driver/Src/stm32l4xx_hal_dfsdm.o
LOAD Drivers/STM32L4xx_HAL_Driver/Src/stm32l4xx_hal_dma.o
LOAD Drivers/STM32L4xx_HAL_Driver/Src/stm32l4xx_hal_dma_ex.o
LOAD Drivers/STM32L4xx_HAL_Driver/Src/stm32l4xx_hal_flash.o
LOAD Drivers/STM32L4xx_HAL_Driver/Src/stm32l4xx_hal_flash_ex.o
LOAD Drivers/STM32L4xx_HAL_Driver/Src/stm32l4xx_hal_flash_ramfunc.o
LOAD Drivers/STM32L4xx_HAL_Driver/Src/stm32l4xx_hal_gpio.o
LOAD Drivers/STM32L4xx_HAL_Driver/Src/stm32l4xx_hal_i2c.o
LOAD Drivers/STM32L4xx_HAL_Driver/Src/stm32l4xx_hal_i2c_ex.o
LOAD Drivers/STM32L4xx_HAL_Driver/Src/stm32l4xx_hal_pcd.o
LOAD Drivers/STM32L4xx_HAL_Driver/Src/stm32l4xx_hal_pcd_ex.o
LOAD Drivers/STM32L4xx_HAL_Driver/Src/stm32l4xx_hal_pwr.o
LOAD Drivers/STM32L4xx_HAL_Driver/Src/stm32l4xx_hal_pwr_ex.o
LOAD Drivers/STM32L4xx_HAL_Driver/Src/stm32l4xx_hal_qspi.o
LOAD Drivers/STM32L4xx_HAL_Driver/Src/stm32l4xx_hal_rcc.o
LOAD Drivers/STM32L4xx_HAL_Driver/Src/stm32l4xx_hal_rcc_ex.o
LOAD Drivers/STM32L4xx_HAL_Driver/Src/stm32l4xx_hal_spi.o
LOAD Drivers/STM32L4xx_HAL_Driver/Src/stm32l4xx_hal_spi_ex.o
LOAD Drivers/STM32L4xx_HAL_Driver/Src/stm32l4xx_hal_tim.o
LOAD Drivers/STM32L4xx_HAL_Driver/Src/stm32l4xx_hal_tim_ex.o
LOAD Drivers/STM32L4xx_HAL_Driver/Src/stm32l4xx_hal_uart.o
LOAD Drivers/STM32L4xx_HAL_Driver/Src/stm32l4xx_hal_uart_ex.o
LOAD Drivers/STM32L4xx_HAL_Driver/Src/stm32l4xx_ll_usb.o
LOAD Src/DS18B20.o
LOAD Src/dfsdm.o
LOAD Src/gpio.o
LOAD Src/i2c.o
LOAD Src/main.o
LOAD Src/quadspi.o
LOAD Src/spi.o
LOAD Src/stm32l4xx_hal_msp.o
LOAD Src/stm32l4xx_it.o
LOAD Src/system_stm32l4xx.o
LOAD Src/tm_stm32_delay.o
LOAD Src/tm_stm32_ds18b20.o
LOAD Src/tm_stm32_gpio.o
LOAD Src/tm_stm32_onewire.o
LOAD Src/usart.o
LOAD Src/usb_otg.o
LOAD startup/startup_stm32l475xx.o
                0x0000000000000080                malloc_getpagesize_P = 0x80
START GROUP
LOAD /opt/Atollic_TrueSTUDIO_for_STM32_x86_64_9.2.0/ARMTools/bin/../lib/gcc/arm-atollic-eabi/6.3.1/../../../../arm-atollic-eabi/lib/armv7e-m/fpu/libc_nano.a
LOAD /opt/Atollic_TrueSTUDIO_for_STM32_x86_64_9.2.0/ARMTools/bin/../lib/gcc/arm-atollic-eabi/6.3.1/../../../../arm-atollic-eabi/lib/armv7e-m/fpu/libm.a
END GROUP
START GROUP
LOAD /opt/Atollic_TrueSTUDIO_for_STM32_x86_64_9.2.0/ARMTools/bin/../lib/gcc/arm-atollic-eabi/6.3.1/armv7e-m/fpu/libgcc.a
LOAD /opt/Atollic_TrueSTUDIO_for_STM32_x86_64_9.2.0/ARMTools/bin/../lib/gcc/arm-atollic-eabi/6.3.1/../../../../arm-atollic-eabi/lib/armv7e-m/fpu/libc_nano.a
END GROUP
START GROUP
LOAD /opt/Atollic_TrueSTUDIO_for_STM32_x86_64_9.2.0/ARMTools/bin/../lib/gcc/arm-atollic-eabi/6.3.1/armv7e-m/fpu/libgcc.a
LOAD /opt/Atollic_TrueSTUDIO_for_STM32_x86_64_9.2.0/ARMTools/bin/../lib/gcc/arm-atollic-eabi/6.3.1/../../../../arm-atollic-eabi/lib/armv7e-m/fpu/libc_nano.a
LOAD /opt/Atollic_TrueSTUDIO_for_STM32_x86_64_9.2.0/ARMTools/bin/../lib/gcc/arm-atollic-eabi/6.3.1/../../../../arm-atollic-eabi/lib/armv7e-m/fpu/libnosys.a
END GROUP
START GROUP
LOAD /opt/Atollic_TrueSTUDIO_for_STM32_x86_64_9.2.0/ARMTools/bin/../lib/gcc/arm-atollic-eabi/6.3.1/armv7e-m/fpu/libgcc.a
LOAD /opt/Atollic_TrueSTUDIO_for_STM32_x86_64_9.2.0/ARMTools/bin/../lib/gcc/arm-atollic-eabi/6.3.1/../../../../arm-atollic-eabi/lib/armv7e-m/fpu/libc_nano.a
LOAD /opt/Atollic_TrueSTUDIO_for_STM32_x86_64_9.2.0/ARMTools/bin/../lib/gcc/arm-atollic-eabi/6.3.1/../../../../arm-atollic-eabi/lib/armv7e-m/fpu/libnosys.a
END GROUP
LOAD /opt/Atollic_TrueSTUDIO_for_STM32_x86_64_9.2.0/ARMTools/bin/../lib/gcc/arm-atollic-eabi/6.3.1/armv7e-m/fpu/crtend.o
LOAD /opt/Atollic_TrueSTUDIO_for_STM32_x86_64_9.2.0/ARMTools/bin/../lib/gcc/arm-atollic-eabi/6.3.1/armv7e-m/fpu/crtn.o
                0x0000000020018000                _estack = 0x20018000
                0x0000000000000200                _Min_Heap_Size = 0x200
                0x0000000000000400                _Min_Stack_Size = 0x400

.isr_vector     0x0000000008000000      0x188
                0x0000000008000000                . = ALIGN (0x4)
 *(.isr_vector)
 .isr_vector    0x0000000008000000      0x188 startup/startup_stm32l475xx.o
                0x0000000008000000                g_pfnVectors
                0x0000000008000188                . = ALIGN (0x4)

.text           0x0000000008000190     0x3d14
                0x0000000008000190                . = ALIGN (0x4)
 *(.text)
 .text          0x0000000008000190       0x40 /opt/Atollic_TrueSTUDIO_for_STM32_x86_64_9.2.0/ARMTools/bin/../lib/gcc/arm-atollic-eabi/6.3.1/armv7e-m/fpu/crtbegin.o
 .text          0x00000000080001d0       0xa0 /opt/Atollic_TrueSTUDIO_for_STM32_x86_64_9.2.0/ARMTools/bin/../lib/gcc/arm-atollic-eabi/6.3.1/../../../../arm-atollic-eabi/lib/armv7e-m/fpu/libc_nano.a(lib_a-memchr.o)
                0x00000000080001d0                memchr
 .text          0x0000000008000270       0x30 /opt/Atollic_TrueSTUDIO_for_STM32_x86_64_9.2.0/ARMTools/bin/../lib/gcc/arm-atollic-eabi/6.3.1/armv7e-m/fpu/libgcc.a(_aeabi_uldivmod.o)
                0x0000000008000270                __aeabi_uldivmod
 .text          0x00000000080002a0      0x2dc /opt/Atollic_TrueSTUDIO_for_STM32_x86_64_9.2.0/ARMTools/bin/../lib/gcc/arm-atollic-eabi/6.3.1/armv7e-m/fpu/libgcc.a(_udivmoddi4.o)
                0x00000000080002a0                __udivmoddi4
 .text          0x000000000800057c        0x4 /opt/Atollic_TrueSTUDIO_for_STM32_x86_64_9.2.0/ARMTools/bin/../lib/gcc/arm-atollic-eabi/6.3.1/armv7e-m/fpu/libgcc.a(_dvmd_tls.o)
                0x000000000800057c                __aeabi_ldiv0
                0x000000000800057c                __aeabi_idiv0
 *(.text*)
 .text.HAL_InitTick
                0x0000000008000580       0x30 Drivers/STM32L4xx_HAL_Driver/Src/stm32l4xx_hal.o
                0x0000000008000580                HAL_InitTick
 .text.HAL_Init
                0x00000000080005b0       0x1e Drivers/STM32L4xx_HAL_Driver/Src/stm32l4xx_hal.o
                0x00000000080005b0                HAL_Init
 *fill*         0x00000000080005ce        0x2 
 .text.HAL_NVIC_SetPriorityGrouping
                0x00000000080005d0       0x24 Drivers/STM32L4xx_HAL_Driver/Src/stm32l4xx_hal_cortex.o
                0x00000000080005d0                HAL_NVIC_SetPriorityGrouping
 .text.HAL_NVIC_SetPriority
                0x00000000080005f4       0x68 Drivers/STM32L4xx_HAL_Driver/Src/stm32l4xx_hal_cortex.o
                0x00000000080005f4                HAL_NVIC_SetPriority
 .text.HAL_NVIC_EnableIRQ
                0x000000000800065c       0x18 Drivers/STM32L4xx_HAL_Driver/Src/stm32l4xx_hal_cortex.o
                0x000000000800065c                HAL_NVIC_EnableIRQ
 .text.HAL_SYSTICK_Config
                0x0000000008000674       0x2c Drivers/STM32L4xx_HAL_Driver/Src/stm32l4xx_hal_cortex.o
                0x0000000008000674                HAL_SYSTICK_Config
 .text.DFSDM_GetChannelFromInstance
                0x00000000080006a0       0x58 Drivers/STM32L4xx_HAL_Driver/Src/stm32l4xx_hal_dfsdm.o
 .text.HAL_DFSDM_ChannelInit
                0x00000000080006f8       0xe8 Drivers/STM32L4xx_HAL_Driver/Src/stm32l4xx_hal_dfsdm.o
                0x00000000080006f8                HAL_DFSDM_ChannelInit
 .text.HAL_GPIO_Init
                0x00000000080007e0      0x1b8 Drivers/STM32L4xx_HAL_Driver/Src/stm32l4xx_hal_gpio.o
                0x00000000080007e0                HAL_GPIO_Init
 .text.HAL_GPIO_WritePin
                0x0000000008000998        0xa Drivers/STM32L4xx_HAL_Driver/Src/stm32l4xx_hal_gpio.o
                0x0000000008000998                HAL_GPIO_WritePin
 .text.HAL_GPIO_EXTI_Callback
                0x00000000080009a2        0x2 Drivers/STM32L4xx_HAL_Driver/Src/stm32l4xx_hal_gpio.o
                0x00000000080009a2                HAL_GPIO_EXTI_Callback
 .text.HAL_GPIO_EXTI_IRQHandler
                0x00000000080009a4       0x18 Drivers/STM32L4xx_HAL_Driver/Src/stm32l4xx_hal_gpio.o
                0x00000000080009a4                HAL_GPIO_EXTI_IRQHandler
 .text.HAL_I2C_Init
                0x00000000080009bc       0xa2 Drivers/STM32L4xx_HAL_Driver/Src/stm32l4xx_hal_i2c.o
                0x00000000080009bc                HAL_I2C_Init
 .text.HAL_I2CEx_ConfigAnalogFilter
                0x0000000008000a5e       0x4c Drivers/STM32L4xx_HAL_Driver/Src/stm32l4xx_hal_i2c_ex.o
                0x0000000008000a5e                HAL_I2CEx_ConfigAnalogFilter
 .text.HAL_I2CEx_ConfigDigitalFilter
                0x0000000008000aaa       0x4a Drivers/STM32L4xx_HAL_Driver/Src/stm32l4xx_hal_i2c_ex.o
                0x0000000008000aaa                HAL_I2CEx_ConfigDigitalFilter
 .text.HAL_PCD_Init
                0x0000000008000af4       0xfa Drivers/STM32L4xx_HAL_Driver/Src/stm32l4xx_hal_pcd.o
                0x0000000008000af4                HAL_PCD_Init
 .text.HAL_PCDEx_ActivateLPM
                0x0000000008000bee       0x26 Drivers/STM32L4xx_HAL_Driver/Src/stm32l4xx_hal_pcd_ex.o
                0x0000000008000bee                HAL_PCDEx_ActivateLPM
 .text.HAL_PCDEx_ActivateBCD
                0x0000000008000c14       0x14 Drivers/STM32L4xx_HAL_Driver/Src/stm32l4xx_hal_pcd_ex.o
                0x0000000008000c14                HAL_PCDEx_ActivateBCD
 .text.HAL_PWR_EnableBkUpAccess
                0x0000000008000c28       0x10 Drivers/STM32L4xx_HAL_Driver/Src/stm32l4xx_hal_pwr.o
                0x0000000008000c28                HAL_PWR_EnableBkUpAccess
 .text.HAL_PWREx_GetVoltageRange
                0x0000000008000c38       0x10 Drivers/STM32L4xx_HAL_Driver/Src/stm32l4xx_hal_pwr_ex.o
                0x0000000008000c38                HAL_PWREx_GetVoltageRange
 .text.HAL_PWREx_ControlVoltageScaling
                0x0000000008000c48       0x6c Drivers/STM32L4xx_HAL_Driver/Src/stm32l4xx_hal_pwr_ex.o
                0x0000000008000c48                HAL_PWREx_ControlVoltageScaling
 .text.HAL_PWREx_EnableVddUSB
                0x0000000008000cb4       0x10 Drivers/STM32L4xx_HAL_Driver/Src/stm32l4xx_hal_pwr_ex.o
                0x0000000008000cb4                HAL_PWREx_EnableVddUSB
 .text.QSPI_WaitFlagStateUntilTimeout
                0x0000000008000cc4       0x4c Drivers/STM32L4xx_HAL_Driver/Src/stm32l4xx_hal_qspi.o
 .text.HAL_QSPI_Init
                0x0000000008000d10       0xb0 Drivers/STM32L4xx_HAL_Driver/Src/stm32l4xx_hal_qspi.o
                0x0000000008000d10                HAL_QSPI_Init
 .text.RCC_SetFlashLatencyFromMSIRange
                0x0000000008000dc0       0x84 Drivers/STM32L4xx_HAL_Driver/Src/stm32l4xx_hal_rcc.o
 .text.HAL_RCC_GetSysClockFreq
                0x0000000008000e44       0xa8 Drivers/STM32L4xx_HAL_Driver/Src/stm32l4xx_hal_rcc.o
                0x0000000008000e44                HAL_RCC_GetSysClockFreq
 .text.HAL_RCC_OscConfig
                0x0000000008000eec      0x44c Drivers/STM32L4xx_HAL_Driver/Src/stm32l4xx_hal_rcc.o
                0x0000000008000eec                HAL_RCC_OscConfig
 .text.HAL_RCC_ClockConfig
                0x0000000008001338      0x124 Drivers/STM32L4xx_HAL_Driver/Src/stm32l4xx_hal_rcc.o
                0x0000000008001338                HAL_RCC_ClockConfig
 .text.HAL_RCC_GetHCLKFreq
                0x000000000800145c        0xc Drivers/STM32L4xx_HAL_Driver/Src/stm32l4xx_hal_rcc.o
                0x000000000800145c                HAL_RCC_GetHCLKFreq
 .text.HAL_RCC_GetPCLK1Freq
                0x0000000008001468       0x24 Drivers/STM32L4xx_HAL_Driver/Src/stm32l4xx_hal_rcc.o
                0x0000000008001468                HAL_RCC_GetPCLK1Freq
 .text.HAL_RCC_GetPCLK2Freq
                0x000000000800148c       0x24 Drivers/STM32L4xx_HAL_Driver/Src/stm32l4xx_hal_rcc.o
                0x000000000800148c                HAL_RCC_GetPCLK2Freq
 .text.RCCEx_PLLSAI1_Config
                0x00000000080014b0      0x11c Drivers/STM32L4xx_HAL_Driver/Src/stm32l4xx_hal_rcc_ex.o
 .text.RCCEx_PLLSAI2_Config
                0x00000000080015cc       0xfc Drivers/STM32L4xx_HAL_Driver/Src/stm32l4xx_hal_rcc_ex.o
 .text.HAL_RCCEx_PeriphCLKConfig
                0x00000000080016c8      0x3d0 Drivers/STM32L4xx_HAL_Driver/Src/stm32l4xx_hal_rcc_ex.o
                0x00000000080016c8                HAL_RCCEx_PeriphCLKConfig
 .text.HAL_RCCEx_EnableMSIPLLMode
                0x0000000008001a98       0x10 Drivers/STM32L4xx_HAL_Driver/Src/stm32l4xx_hal_rcc_ex.o
                0x0000000008001a98                HAL_RCCEx_EnableMSIPLLMode
 .text.HAL_SPI_Init
                0x0000000008001aa8       0xa2 Drivers/STM32L4xx_HAL_Driver/Src/stm32l4xx_hal_spi.o
                0x0000000008001aa8                HAL_SPI_Init
 *fill*         0x0000000008001b4a        0x2 
 .text.UART_SetConfig
                0x0000000008001b4c      0x330 Drivers/STM32L4xx_HAL_Driver/Src/stm32l4xx_hal_uart.o
                0x0000000008001b4c                UART_SetConfig
 .text.UART_AdvFeatureConfig
                0x0000000008001e7c       0xa8 Drivers/STM32L4xx_HAL_Driver/Src/stm32l4xx_hal_uart.o
                0x0000000008001e7c                UART_AdvFeatureConfig
 .text.UART_WaitOnFlagUntilTimeout
                0x0000000008001f24       0x62 Drivers/STM32L4xx_HAL_Driver/Src/stm32l4xx_hal_uart.o
                0x0000000008001f24                UART_WaitOnFlagUntilTimeout
 .text.HAL_UART_Transmit
                0x0000000008001f86       0xae Drivers/STM32L4xx_HAL_Driver/Src/stm32l4xx_hal_uart.o
                0x0000000008001f86                HAL_UART_Transmit
 .text.UART_CheckIdleState
                0x0000000008002034       0x64 Drivers/STM32L4xx_HAL_Driver/Src/stm32l4xx_hal_uart.o
                0x0000000008002034                UART_CheckIdleState
 .text.HAL_UART_Init
                0x0000000008002098       0x64 Drivers/STM32L4xx_HAL_Driver/Src/stm32l4xx_hal_uart.o
                0x0000000008002098                HAL_UART_Init
 .text.USB_CoreReset
                0x00000000080020fc       0x30 Drivers/STM32L4xx_HAL_Driver/Src/stm32l4xx_ll_usb.o
 .text.USB_CoreInit
                0x000000000800212c       0x5e Drivers/STM32L4xx_HAL_Driver/Src/stm32l4xx_ll_usb.o
                0x000000000800212c                USB_CoreInit
 .text.USB_DisableGlobalInt
                0x000000000800218a        0xc Drivers/STM32L4xx_HAL_Driver/Src/stm32l4xx_ll_usb.o
                0x000000000800218a                USB_DisableGlobalInt
 .text.USB_SetCurrentMode
                0x0000000008002196       0x2e Drivers/STM32L4xx_HAL_Driver/Src/stm32l4xx_ll_usb.o
                0x0000000008002196                USB_SetCurrentMode
 .text.USB_FlushTxFifo
                0x00000000080021c4       0x24 Drivers/STM32L4xx_HAL_Driver/Src/stm32l4xx_ll_usb.o
                0x00000000080021c4                USB_FlushTxFifo
 .text.USB_FlushRxFifo
                0x00000000080021e8       0x20 Drivers/STM32L4xx_HAL_Driver/Src/stm32l4xx_ll_usb.o
                0x00000000080021e8                USB_FlushRxFifo
 .text.USB_SetDevSpeed
                0x0000000008002208        0xe Drivers/STM32L4xx_HAL_Driver/Src/stm32l4xx_ll_usb.o
                0x0000000008002208                USB_SetDevSpeed
 *fill*         0x0000000008002216        0x2 
 .text.USB_DevInit
                0x0000000008002218      0x138 Drivers/STM32L4xx_HAL_Driver/Src/stm32l4xx_ll_usb.o
                0x0000000008002218                USB_DevInit
 .text.USB_DevDisconnect
                0x0000000008002350       0x18 Drivers/STM32L4xx_HAL_Driver/Src/stm32l4xx_ll_usb.o
                0x0000000008002350                USB_DevDisconnect
 .text.MX_DFSDM1_Init
                0x0000000008002368       0x44 Src/dfsdm.o
                0x0000000008002368                MX_DFSDM1_Init
 .text.HAL_DFSDM_ChannelMspInit
                0x00000000080023ac       0x68 Src/dfsdm.o
                0x00000000080023ac                HAL_DFSDM_ChannelMspInit
 .text.MX_GPIO_Init
                0x0000000008002414      0x2a8 Src/gpio.o
                0x0000000008002414                MX_GPIO_Init
 .text.MX_I2C2_Init
                0x00000000080026bc       0x58 Src/i2c.o
                0x00000000080026bc                MX_I2C2_Init
 .text.HAL_I2C_MspInit
                0x0000000008002714       0x6c Src/i2c.o
                0x0000000008002714                HAL_I2C_MspInit
 .text.SystemClock_Config
                0x0000000008002780       0xbc Src/main.o
                0x0000000008002780                SystemClock_Config
 .text.startup.main
                0x000000000800283c      0x20c Src/main.o
                0x000000000800283c                main
 .text.Error_Handler
                0x0000000008002a48        0x2 Src/main.o
                0x0000000008002a48                Error_Handler
 *fill*         0x0000000008002a4a        0x2 
 .text.MX_QUADSPI_Init
                0x0000000008002a4c       0x34 Src/quadspi.o
                0x0000000008002a4c                MX_QUADSPI_Init
 .text.HAL_QSPI_MspInit
                0x0000000008002a80       0x6c Src/quadspi.o
                0x0000000008002a80                HAL_QSPI_MspInit
 .text.MX_SPI3_Init
                0x0000000008002aec       0x4c Src/spi.o
                0x0000000008002aec                MX_SPI3_Init
 .text.HAL_SPI_MspInit
                0x0000000008002b38       0x68 Src/spi.o
                0x0000000008002b38                HAL_SPI_MspInit
 .text.HAL_MspInit
                0x0000000008002ba0       0x30 Src/stm32l4xx_hal_msp.o
                0x0000000008002ba0                HAL_MspInit
 .text.NMI_Handler
                0x0000000008002bd0        0x2 Src/stm32l4xx_it.o
                0x0000000008002bd0                NMI_Handler
 .text.HardFault_Handler
                0x0000000008002bd2        0x2 Src/stm32l4xx_it.o
                0x0000000008002bd2                HardFault_Handler
 .text.MemManage_Handler
                0x0000000008002bd4        0x2 Src/stm32l4xx_it.o
                0x0000000008002bd4                MemManage_Handler
 .text.BusFault_Handler
                0x0000000008002bd6        0x2 Src/stm32l4xx_it.o
                0x0000000008002bd6                BusFault_Handler
 .text.UsageFault_Handler
                0x0000000008002bd8        0x2 Src/stm32l4xx_it.o
                0x0000000008002bd8                UsageFault_Handler
 .text.SVC_Handler
                0x0000000008002bda        0x2 Src/stm32l4xx_it.o
                0x0000000008002bda                SVC_Handler
 .text.DebugMon_Handler
                0x0000000008002bdc        0x2 Src/stm32l4xx_it.o
                0x0000000008002bdc                DebugMon_Handler
 .text.PendSV_Handler
                0x0000000008002bde        0x2 Src/stm32l4xx_it.o
                0x0000000008002bde                PendSV_Handler
 .text.SysTick_Handler
                0x0000000008002be0        0x4 Src/stm32l4xx_it.o
                0x0000000008002be0                SysTick_Handler
 .text.EXTI9_5_IRQHandler
                0x0000000008002be4       0x20 Src/stm32l4xx_it.o
                0x0000000008002be4                EXTI9_5_IRQHandler
 .text.EXTI15_10_IRQHandler
                0x0000000008002c04       0x2e Src/stm32l4xx_it.o
                0x0000000008002c04                EXTI15_10_IRQHandler
 *fill*         0x0000000008002c32        0x2 
 .text.SystemInit
                0x0000000008002c34       0x48 Src/system_stm32l4xx.o
                0x0000000008002c34                SystemInit
 .text.TM_DELAY_Init
                0x0000000008002c7c       0x3c Src/tm_stm32_delay.o
                0x0000000008002c7c                TM_DELAY_Init
 .text.TM_DELAY_1msHandler
                0x0000000008002cb8        0x2 Src/tm_stm32_delay.o
                0x0000000008002cb8                TM_DELAY_1msHandler
 *fill*         0x0000000008002cba        0x2 
 .text.HAL_IncTick
                0x0000000008002cbc       0x70 Src/tm_stm32_delay.o
                0x0000000008002cbc                HAL_IncTick
 .text.HAL_Delay
                0x0000000008002d2c       0x30 Src/tm_stm32_delay.o
                0x0000000008002d2c                HAL_Delay
 .text.HAL_GetTick
                0x0000000008002d5c        0xc Src/tm_stm32_delay.o
                0x0000000008002d5c                HAL_GetTick
 .text.TM_DS18B20_StartAll
                0x0000000008002d68       0x1c Src/tm_stm32_ds18b20.o
                0x0000000008002d68                TM_DS18B20_StartAll
 .text.TM_DS18B20_Read
                0x0000000008002d84      0x104 Src/tm_stm32_ds18b20.o
                0x0000000008002d84                TM_DS18B20_Read
 .text.TM_DS18B20_SetResolution
                0x0000000008002e88       0xd0 Src/tm_stm32_ds18b20.o
                0x0000000008002e88                TM_DS18B20_SetResolution
 .text.TM_DS18B20_AllDone
                0x0000000008002f58        0x4 Src/tm_stm32_ds18b20.o
                0x0000000008002f58                TM_DS18B20_AllDone
 .text.TM_GPIO_SetPinAsInput
                0x0000000008002f5c       0x24 Src/tm_stm32_gpio.o
                0x0000000008002f5c                TM_GPIO_SetPinAsInput
 .text.TM_GPIO_SetPinAsOutput
                0x0000000008002f80       0x2c Src/tm_stm32_gpio.o
                0x0000000008002f80                TM_GPIO_SetPinAsOutput
 .text.TM_GPIO_INT_EnableClock
                0x0000000008002fac       0x18 Src/tm_stm32_gpio.o
                0x0000000008002fac                TM_GPIO_INT_EnableClock
 .text.TM_GPIO_INT_Init
                0x0000000008002fc4       0xa4 Src/tm_stm32_gpio.o
                0x0000000008002fc4                TM_GPIO_INT_Init
 .text.TM_GPIO_Init
                0x0000000008003068       0x36 Src/tm_stm32_gpio.o
                0x0000000008003068                TM_GPIO_Init
 *fill*         0x000000000800309e        0x2 
 .text.Delay    0x00000000080030a0       0x30 Src/tm_stm32_onewire.o
 .text.TM_OneWire_Init
                0x00000000080030d0       0x24 Src/tm_stm32_onewire.o
                0x00000000080030d0                TM_OneWire_Init
 .text.TM_OneWire_Reset
                0x00000000080030f4       0x40 Src/tm_stm32_onewire.o
                0x00000000080030f4                TM_OneWire_Reset
 .text.TM_OneWire_WriteBit
                0x0000000008003134       0x4c Src/tm_stm32_onewire.o
                0x0000000008003134                TM_OneWire_WriteBit
 .text.TM_OneWire_ReadBit
                0x0000000008003180       0x3c Src/tm_stm32_onewire.o
                0x0000000008003180                TM_OneWire_ReadBit
 .text.TM_OneWire_WriteByte
                0x00000000080031bc       0x20 Src/tm_stm32_onewire.o
                0x00000000080031bc                TM_OneWire_WriteByte
 .text.TM_OneWire_ReadByte
                0x00000000080031dc       0x24 Src/tm_stm32_onewire.o
                0x00000000080031dc                TM_OneWire_ReadByte
 .text.TM_OneWire_Search
                0x0000000008003200       0xd4 Src/tm_stm32_onewire.o
                0x0000000008003200                TM_OneWire_Search
 .text.TM_OneWire_First
                0x00000000080032d4        0xe Src/tm_stm32_onewire.o
                0x00000000080032d4                TM_OneWire_First
 .text.TM_OneWire_Next
                0x00000000080032e2        0x6 Src/tm_stm32_onewire.o
                0x00000000080032e2                TM_OneWire_Next
 .text.TM_OneWire_SelectWithPointer
                0x00000000080032e8       0x20 Src/tm_stm32_onewire.o
                0x00000000080032e8                TM_OneWire_SelectWithPointer
 .text.TM_OneWire_GetFullROM
                0x0000000008003308       0x16 Src/tm_stm32_onewire.o
                0x0000000008003308                TM_OneWire_GetFullROM
 .text.TM_OneWire_CRC8
                0x000000000800331e       0x3a Src/tm_stm32_onewire.o
                0x000000000800331e                TM_OneWire_CRC8
 .text.MX_USART1_UART_Init
                0x0000000008003358       0x3c Src/usart.o
                0x0000000008003358                MX_USART1_UART_Init
 .text.MX_USART3_UART_Init
                0x0000000008003394       0x3c Src/usart.o
                0x0000000008003394                MX_USART3_UART_Init
 .text.HAL_UART_MspInit
                0x00000000080033d0       0xb4 Src/usart.o
                0x00000000080033d0                HAL_UART_MspInit
 .text.MX_USB_OTG_FS_PCD_Init
                0x0000000008003484       0x38 Src/usb_otg.o
                0x0000000008003484                MX_USB_OTG_FS_PCD_Init
 .text.HAL_PCD_MspInit
                0x00000000080034bc       0xa0 Src/usb_otg.o
                0x00000000080034bc                HAL_PCD_MspInit
 .text.Reset_Handler
                0x000000000800355c       0x50 startup/startup_stm32l475xx.o
                0x000000000800355c                Reset_Handler
 .text.Default_Handler
                0x00000000080035ac        0x2 startup/startup_stm32l475xx.o
                0x00000000080035ac                RTC_Alarm_IRQHandler
                0x00000000080035ac                EXTI2_IRQHandler
                0x00000000080035ac                TIM8_TRG_COM_IRQHandler
                0x00000000080035ac                TIM8_CC_IRQHandler
                0x00000000080035ac                TIM1_CC_IRQHandler
                0x00000000080035ac                TSC_IRQHandler
                0x00000000080035ac                TAMP_STAMP_IRQHandler
                0x00000000080035ac                EXTI3_IRQHandler
                0x00000000080035ac                LPTIM2_IRQHandler
                0x00000000080035ac                DFSDM1_FLT1_IRQHandler
                0x00000000080035ac                I2C3_ER_IRQHandler
                0x00000000080035ac                DFSDM1_FLT2_IRQHandler
                0x00000000080035ac                EXTI0_IRQHandler
                0x00000000080035ac                I2C2_EV_IRQHandler
                0x00000000080035ac                CAN1_RX0_IRQHandler
                0x00000000080035ac                FPU_IRQHandler
                0x00000000080035ac                TIM1_UP_TIM16_IRQHandler
                0x00000000080035ac                ADC1_2_IRQHandler
                0x00000000080035ac                SPI1_IRQHandler
                0x00000000080035ac                TIM6_DAC_IRQHandler
                0x00000000080035ac                TIM8_UP_IRQHandler
                0x00000000080035ac                DMA2_Channel2_IRQHandler
                0x00000000080035ac                DMA1_Channel4_IRQHandler
                0x00000000080035ac                SAI2_IRQHandler
                0x00000000080035ac                DFSDM1_FLT3_IRQHandler
                0x00000000080035ac                USART3_IRQHandler
                0x00000000080035ac                DMA1_Channel7_IRQHandler
                0x00000000080035ac                CAN1_RX1_IRQHandler
                0x00000000080035ac                UART5_IRQHandler
                0x00000000080035ac                ADC3_IRQHandler
                0x00000000080035ac                TIM4_IRQHandler
                0x00000000080035ac                DMA2_Channel1_IRQHandler
                0x00000000080035ac                QUADSPI_IRQHandler
                0x00000000080035ac                I2C1_EV_IRQHandler
                0x00000000080035ac                DMA1_Channel6_IRQHandler
                0x00000000080035ac                UART4_IRQHandler
                0x00000000080035ac                DMA2_Channel4_IRQHandler
                0x00000000080035ac                TIM3_IRQHandler
                0x00000000080035ac                RCC_IRQHandler
                0x00000000080035ac                DMA1_Channel1_IRQHandler
                0x00000000080035ac                Default_Handler
                0x00000000080035ac                DMA2_Channel7_IRQHandler
                0x00000000080035ac                TIM7_IRQHandler
                0x00000000080035ac                SDMMC1_IRQHandler
                0x00000000080035ac                TIM5_IRQHandler
                0x00000000080035ac                I2C3_EV_IRQHandler
                0x00000000080035ac                RTC_WKUP_IRQHandler
                0x00000000080035ac                PVD_PVM_IRQHandler
                0x00000000080035ac                SPI2_IRQHandler
                0x00000000080035ac                CAN1_TX_IRQHandler
                0x00000000080035ac                DMA2_Channel5_IRQHandler
                0x00000000080035ac                DMA1_Channel5_IRQHandler
                0x00000000080035ac                EXTI4_IRQHandler
                0x00000000080035ac                RNG_IRQHandler
                0x00000000080035ac                TIM1_TRG_COM_TIM17_IRQHandler
                0x00000000080035ac                DMA1_Channel3_IRQHandler
                0x00000000080035ac                COMP_IRQHandler
                0x00000000080035ac                WWDG_IRQHandler
                0x00000000080035ac                LPUART1_IRQHandler
                0x00000000080035ac                DMA2_Channel6_IRQHandler
                0x00000000080035ac                TIM2_IRQHandler
                0x00000000080035ac                EXTI1_IRQHandler
                0x00000000080035ac                USART2_IRQHandler
                0x00000000080035ac                DFSDM1_FLT0_IRQHandler
                0x00000000080035ac                I2C2_ER_IRQHandler
                0x00000000080035ac                DMA1_Channel2_IRQHandler
                0x00000000080035ac                TIM8_BRK_IRQHandler
                0x00000000080035ac                CAN1_SCE_IRQHandler
                0x00000000080035ac                FLASH_IRQHandler
                0x00000000080035ac                USART1_IRQHandler
                0x00000000080035ac                OTG_FS_IRQHandler
                0x00000000080035ac                SPI3_IRQHandler
                0x00000000080035ac                I2C1_ER_IRQHandler
                0x00000000080035ac                FMC_IRQHandler
                0x00000000080035ac                SWPMI1_IRQHandler
                0x00000000080035ac                LPTIM1_IRQHandler
                0x00000000080035ac                SAI1_IRQHandler
                0x00000000080035ac                DMA2_Channel3_IRQHandler
                0x00000000080035ac                TIM1_BRK_TIM15_IRQHandler
 *fill*         0x00000000080035ae        0x2 
 .text.__libc_init_array
                0x00000000080035b0       0x48 /opt/Atollic_TrueSTUDIO_for_STM32_x86_64_9.2.0/ARMTools/bin/../lib/gcc/arm-atollic-eabi/6.3.1/../../../../arm-atollic-eabi/lib/armv7e-m/fpu/libc_nano.a(lib_a-init.o)
                0x00000000080035b0                __libc_init_array
 .text.memset   0x00000000080035f8       0x10 /opt/Atollic_TrueSTUDIO_for_STM32_x86_64_9.2.0/ARMTools/bin/../lib/gcc/arm-atollic-eabi/6.3.1/../../../../arm-atollic-eabi/lib/armv7e-m/fpu/libc_nano.a(lib_a-memset.o)
                0x00000000080035f8                memset
 .text._free_r  0x0000000008003608       0x9c /opt/Atollic_TrueSTUDIO_for_STM32_x86_64_9.2.0/ARMTools/bin/../lib/gcc/arm-atollic-eabi/6.3.1/../../../../arm-atollic-eabi/lib/armv7e-m/fpu/libc_nano.a(lib_a-nano-freer.o)
                0x0000000008003608                _free_r
 .text._malloc_r
                0x00000000080036a4       0xbc /opt/Atollic_TrueSTUDIO_for_STM32_x86_64_9.2.0/ARMTools/bin/../lib/gcc/arm-atollic-eabi/6.3.1/../../../../arm-atollic-eabi/lib/armv7e-m/fpu/libc_nano.a(lib_a-nano-mallocr.o)
                0x00000000080036a4                _malloc_r
 .text._sbrk_r  0x0000000008003760       0x20 /opt/Atollic_TrueSTUDIO_for_STM32_x86_64_9.2.0/ARMTools/bin/../lib/gcc/arm-atollic-eabi/6.3.1/../../../../arm-atollic-eabi/lib/armv7e-m/fpu/libc_nano.a(lib_a-sbrkr.o)
                0x0000000008003760                _sbrk_r
 .text.snprintf
                0x0000000008003780       0x68 /opt/Atollic_TrueSTUDIO_for_STM32_x86_64_9.2.0/ARMTools/bin/../lib/gcc/arm-atollic-eabi/6.3.1/../../../../arm-atollic-eabi/lib/armv7e-m/fpu/libc_nano.a(lib_a-snprintf.o)
                0x0000000008003780                snprintf
                0x0000000008003780                sniprintf
 .text.strcpy   0x00000000080037e8       0x10 /opt/Atollic_TrueSTUDIO_for_STM32_x86_64_9.2.0/ARMTools/bin/../lib/gcc/arm-atollic-eabi/6.3.1/../../../../arm-atollic-eabi/lib/armv7e-m/fpu/libc_nano.a(lib_a-strcpy.o)
                0x00000000080037e8                strcpy
 .text.__malloc_lock
                0x00000000080037f8        0x2 /opt/Atollic_TrueSTUDIO_for_STM32_x86_64_9.2.0/ARMTools/bin/../lib/gcc/arm-atollic-eabi/6.3.1/../../../../arm-atollic-eabi/lib/armv7e-m/fpu/libc_nano.a(lib_a-mlock.o)
                0x00000000080037f8                __malloc_lock
 .text.__malloc_unlock
                0x00000000080037fa        0x2 /opt/Atollic_TrueSTUDIO_for_STM32_x86_64_9.2.0/ARMTools/bin/../lib/gcc/arm-atollic-eabi/6.3.1/../../../../arm-atollic-eabi/lib/armv7e-m/fpu/libc_nano.a(lib_a-mlock.o)
                0x00000000080037fa                __malloc_unlock
 .text.__ssputs_r
                0x00000000080037fc       0xb6 /opt/Atollic_TrueSTUDIO_for_STM32_x86_64_9.2.0/ARMTools/bin/../lib/gcc/arm-atollic-eabi/6.3.1/../../../../arm-atollic-eabi/lib/armv7e-m/fpu/libc_nano.a(lib_a-nano-svfprintf.o)
                0x00000000080037fc                __ssputs_r
 *fill*         0x00000000080038b2        0x2 
 .text._svfprintf_r
                0x00000000080038b4      0x1e8 /opt/Atollic_TrueSTUDIO_for_STM32_x86_64_9.2.0/ARMTools/bin/../lib/gcc/arm-atollic-eabi/6.3.1/../../../../arm-atollic-eabi/lib/armv7e-m/fpu/libc_nano.a(lib_a-nano-svfprintf.o)
                0x00000000080038b4                _svfprintf_r
                0x00000000080038b4                _svfiprintf_r
 .text._printf_common
                0x0000000008003a9c       0xec /opt/Atollic_TrueSTUDIO_for_STM32_x86_64_9.2.0/ARMTools/bin/../lib/gcc/arm-atollic-eabi/6.3.1/../../../../arm-atollic-eabi/lib/armv7e-m/fpu/libc_nano.a(lib_a-nano-vfprintf_i.o)
                0x0000000008003a9c                _printf_common
 .text._printf_i
                0x0000000008003b88      0x240 /opt/Atollic_TrueSTUDIO_for_STM32_x86_64_9.2.0/ARMTools/bin/../lib/gcc/arm-atollic-eabi/6.3.1/../../../../arm-atollic-eabi/lib/armv7e-m/fpu/libc_nano.a(lib_a-nano-vfprintf_i.o)
                0x0000000008003b88                _printf_i
 .text.memcpy   0x0000000008003dc8       0x16 /opt/Atollic_TrueSTUDIO_for_STM32_x86_64_9.2.0/ARMTools/bin/../lib/gcc/arm-atollic-eabi/6.3.1/../../../../arm-atollic-eabi/lib/armv7e-m/fpu/libc_nano.a(lib_a-memcpy-stub.o)
                0x0000000008003dc8                memcpy
 .text.memmove  0x0000000008003dde       0x34 /opt/Atollic_TrueSTUDIO_for_STM32_x86_64_9.2.0/ARMTools/bin/../lib/gcc/arm-atollic-eabi/6.3.1/../../../../arm-atollic-eabi/lib/armv7e-m/fpu/libc_nano.a(lib_a-memmove.o)
                0x0000000008003dde                memmove
 .text._realloc_r
                0x0000000008003e12       0x4c /opt/Atollic_TrueSTUDIO_for_STM32_x86_64_9.2.0/ARMTools/bin/../lib/gcc/arm-atollic-eabi/6.3.1/../../../../arm-atollic-eabi/lib/armv7e-m/fpu/libc_nano.a(lib_a-nano-reallocr.o)
                0x0000000008003e12                _realloc_r
 .text._malloc_usable_size_r
                0x0000000008003e5e       0x12 /opt/Atollic_TrueSTUDIO_for_STM32_x86_64_9.2.0/ARMTools/bin/../lib/gcc/arm-atollic-eabi/6.3.1/../../../../arm-atollic-eabi/lib/armv7e-m/fpu/libc_nano.a(lib_a-nano-msizer.o)
                0x0000000008003e5e                _malloc_usable_size_r
 .text._sbrk    0x0000000008003e70       0x1c /opt/Atollic_TrueSTUDIO_for_STM32_x86_64_9.2.0/ARMTools/bin/../lib/gcc/arm-atollic-eabi/6.3.1/../../../../arm-atollic-eabi/lib/armv7e-m/fpu/libnosys.a(sbrk.o)
                0x0000000008003e70                _sbrk
 *(.glue_7)
 .glue_7        0x0000000008003e8c        0x0 linker stubs
 *(.glue_7t)
 .glue_7t       0x0000000008003e8c        0x0 linker stubs
 *(.eh_frame)
 .eh_frame      0x0000000008003e8c        0x0 /opt/Atollic_TrueSTUDIO_for_STM32_x86_64_9.2.0/ARMTools/bin/../lib/gcc/arm-atollic-eabi/6.3.1/armv7e-m/fpu/crtbegin.o
 *(.init)
 .init          0x0000000008003e8c        0x4 /opt/Atollic_TrueSTUDIO_for_STM32_x86_64_9.2.0/ARMTools/bin/../lib/gcc/arm-atollic-eabi/6.3.1/armv7e-m/fpu/crti.o
                0x0000000008003e8c                _init
 .init          0x0000000008003e90        0x8 /opt/Atollic_TrueSTUDIO_for_STM32_x86_64_9.2.0/ARMTools/bin/../lib/gcc/arm-atollic-eabi/6.3.1/armv7e-m/fpu/crtn.o
 *(.fini)
 .fini          0x0000000008003e98        0x4 /opt/Atollic_TrueSTUDIO_for_STM32_x86_64_9.2.0/ARMTools/bin/../lib/gcc/arm-atollic-eabi/6.3.1/armv7e-m/fpu/crti.o
                0x0000000008003e98                _fini
 .fini          0x0000000008003e9c        0x8 /opt/Atollic_TrueSTUDIO_for_STM32_x86_64_9.2.0/ARMTools/bin/../lib/gcc/arm-atollic-eabi/6.3.1/armv7e-m/fpu/crtn.o
                0x0000000008003ea4                . = ALIGN (0x4)
                0x0000000008003ea4                _etext = .

.vfp11_veneer   0x0000000008003ea4        0x0
 .vfp11_veneer  0x0000000008003ea4        0x0 linker stubs

.v4_bx          0x0000000008003ea4        0x0
 .v4_bx         0x0000000008003ea4        0x0 linker stubs

.iplt           0x0000000008003ea4        0x0
 .iplt          0x0000000008003ea4        0x0 /opt/Atollic_TrueSTUDIO_for_STM32_x86_64_9.2.0/ARMTools/bin/../lib/gcc/arm-atollic-eabi/6.3.1/armv7e-m/fpu/crtbegin.o

.rodata         0x0000000008003ea4       0xf0
                0x0000000008003ea4                . = ALIGN (0x4)
 *(.rodata)
 *(.rodata*)
 .rodata.CSWTCH.51
                0x0000000008003ea4        0x4 Drivers/STM32L4xx_HAL_Driver/Src/stm32l4xx_hal_uart.o
 .rodata.CSWTCH.52
                0x0000000008003ea8        0xd Drivers/STM32L4xx_HAL_Driver/Src/stm32l4xx_hal_uart.o
 .rodata.main.str1.1
                0x0000000008003eb5       0x62 Src/main.o
 .rodata.AHBPrescTable
                0x0000000008003f17       0x10 Src/system_stm32l4xx.o
                0x0000000008003f17                AHBPrescTable
 .rodata.APBPrescTable
                0x0000000008003f27        0x8 Src/system_stm32l4xx.o
                0x0000000008003f27                APBPrescTable
 *fill*         0x0000000008003f2f        0x1 
 .rodata.MSIRangeTable
                0x0000000008003f30       0x30 Src/system_stm32l4xx.o
                0x0000000008003f30                MSIRangeTable
 .rodata._svfprintf_r.str1.1
                0x0000000008003f60       0x11 /opt/Atollic_TrueSTUDIO_for_STM32_x86_64_9.2.0/ARMTools/bin/../lib/gcc/arm-atollic-eabi/6.3.1/../../../../arm-atollic-eabi/lib/armv7e-m/fpu/libc_nano.a(lib_a-nano-svfprintf.o)
 .rodata._printf_i.str1.1
                0x0000000008003f71       0x22 /opt/Atollic_TrueSTUDIO_for_STM32_x86_64_9.2.0/ARMTools/bin/../lib/gcc/arm-atollic-eabi/6.3.1/../../../../arm-atollic-eabi/lib/armv7e-m/fpu/libc_nano.a(lib_a-nano-vfprintf_i.o)
                0x0000000008003f94                . = ALIGN (0x4)
 *fill*         0x0000000008003f93        0x1 

.ARM.extab
 *(.ARM.extab* .gnu.linkonce.armextab.*)

.ARM            0x0000000008003f94        0x8
                0x0000000008003f94                __exidx_start = .
 *(.ARM.exidx*)
 .ARM.exidx     0x0000000008003f94        0x8 /opt/Atollic_TrueSTUDIO_for_STM32_x86_64_9.2.0/ARMTools/bin/../lib/gcc/arm-atollic-eabi/6.3.1/armv7e-m/fpu/libgcc.a(_udivmoddi4.o)
                0x0000000008003f9c                __exidx_end = .

.rel.dyn        0x0000000008003f9c        0x0
 .rel.iplt      0x0000000008003f9c        0x0 /opt/Atollic_TrueSTUDIO_for_STM32_x86_64_9.2.0/ARMTools/bin/../lib/gcc/arm-atollic-eabi/6.3.1/armv7e-m/fpu/crtbegin.o

.preinit_array  0x0000000008003f9c        0x0
                0x0000000008003f9c                PROVIDE (__preinit_array_start, .)
 *(.preinit_array*)
                0x0000000008003f9c                PROVIDE (__preinit_array_end, .)

.init_array     0x0000000008003f9c        0x4
                0x0000000008003f9c                PROVIDE (__init_array_start, .)
 *(SORT(.init_array.*))
 *(.init_array*)
 .init_array    0x0000000008003f9c        0x4 /opt/Atollic_TrueSTUDIO_for_STM32_x86_64_9.2.0/ARMTools/bin/../lib/gcc/arm-atollic-eabi/6.3.1/armv7e-m/fpu/crtbegin.o
                0x0000000008003fa0                PROVIDE (__init_array_end, .)

.fini_array     0x0000000008003fa0        0x4
                [!provide]                        PROVIDE (__fini_array_start, .)
 *(SORT(.fini_array.*))
 *(.fini_array*)
 .fini_array    0x0000000008003fa0        0x4 /opt/Atollic_TrueSTUDIO_for_STM32_x86_64_9.2.0/ARMTools/bin/../lib/gcc/arm-atollic-eabi/6.3.1/armv7e-m/fpu/crtbegin.o
                [!provide]                        PROVIDE (__fini_array_end, .)
                0x0000000008003fa4                _sidata = LOADADDR (.data)

.data           0x0000000020000000       0x68 load address 0x0000000008003fa4
                0x0000000020000000                . = ALIGN (0x4)
                0x0000000020000000                _sdata = .
 *(.data)
 *(.data*)
 .data.SystemCoreClock
                0x0000000020000000        0x4 Src/system_stm32l4xx.o
                0x0000000020000000                SystemCoreClock
 .data._impure_ptr
                0x0000000020000004        0x4 /opt/Atollic_TrueSTUDIO_for_STM32_x86_64_9.2.0/ARMTools/bin/../lib/gcc/arm-atollic-eabi/6.3.1/../../../../arm-atollic-eabi/lib/armv7e-m/fpu/libc_nano.a(lib_a-impure.o)
                0x0000000020000004                _impure_ptr
 .data.impure_data
                0x0000000020000008       0x60 /opt/Atollic_TrueSTUDIO_for_STM32_x86_64_9.2.0/ARMTools/bin/../lib/gcc/arm-atollic-eabi/6.3.1/../../../../arm-atollic-eabi/lib/armv7e-m/fpu/libc_nano.a(lib_a-impure.o)
                0x0000000020000068                . = ALIGN (0x4)
                0x0000000020000068                _edata = .

.igot.plt       0x0000000020000068        0x0 load address 0x000000000800400c
 .igot.plt      0x0000000020000068        0x0 /opt/Atollic_TrueSTUDIO_for_STM32_x86_64_9.2.0/ARMTools/bin/../lib/gcc/arm-atollic-eabi/6.3.1/armv7e-m/fpu/crtbegin.o
                0x0000000020000068                . = ALIGN (0x4)

.bss            0x0000000020000068      0x750 load address 0x000000000800400c
                0x0000000020000068                _sbss = .
                0x0000000020000068                __bss_start__ = _sbss
 *(.bss)
 .bss           0x0000000020000068       0x1c /opt/Atollic_TrueSTUDIO_for_STM32_x86_64_9.2.0/ARMTools/bin/../lib/gcc/arm-atollic-eabi/6.3.1/armv7e-m/fpu/crtbegin.o
 *(.bss*)
 .bss.a_dfsdm1ChannelHandle
                0x0000000020000084       0x20 Drivers/STM32L4xx_HAL_Driver/Src/stm32l4xx_hal_dfsdm.o
 .bss.v_dfsdm1ChannelCounter
                0x00000000200000a4        0x4 Drivers/STM32L4xx_HAL_Driver/Src/stm32l4xx_hal_dfsdm.o
 .bss.DFSDM1_Init
                0x00000000200000a8        0x4 Src/dfsdm.o
 .bss.str_tmp   0x00000000200000ac       0x64 Src/main.o
                0x00000000200000ac                str_tmp
 .bss.CustomTimers
                0x0000000020000110       0x18 Src/tm_stm32_delay.o
 .bss.TM_Time   0x0000000020000128        0x4 Src/tm_stm32_delay.o
                0x0000000020000128                TM_Time
 .bss.TM_Time2  0x000000002000012c        0x4 Src/tm_stm32_delay.o
                0x000000002000012c                TM_Time2
 .bss.GPIO_UsedPins
                0x0000000020000130       0x1a Src/tm_stm32_gpio.o
 *fill*         0x000000002000014a        0x2 
 .bss.__malloc_free_list
                0x000000002000014c        0x4 /opt/Atollic_TrueSTUDIO_for_STM32_x86_64_9.2.0/ARMTools/bin/../lib/gcc/arm-atollic-eabi/6.3.1/../../../../arm-atollic-eabi/lib/armv7e-m/fpu/libc_nano.a(lib_a-nano-mallocr.o)
                0x000000002000014c                __malloc_free_list
 .bss.__malloc_sbrk_start
                0x0000000020000150        0x4 /opt/Atollic_TrueSTUDIO_for_STM32_x86_64_9.2.0/ARMTools/bin/../lib/gcc/arm-atollic-eabi/6.3.1/../../../../arm-atollic-eabi/lib/armv7e-m/fpu/libc_nano.a(lib_a-nano-mallocr.o)
                0x0000000020000150                __malloc_sbrk_start
 .bss.heap_end.5239
                0x0000000020000154        0x4 /opt/Atollic_TrueSTUDIO_for_STM32_x86_64_9.2.0/ARMTools/bin/../lib/gcc/arm-atollic-eabi/6.3.1/../../../../arm-atollic-eabi/lib/armv7e-m/fpu/libnosys.a(sbrk.o)
 *(COMMON)
 COMMON         0x0000000020000158       0x38 Src/dfsdm.o
                0x0000000020000158                hdfsdm1_channel1
 COMMON         0x0000000020000190       0x4c Src/i2c.o
                0x0000000020000190                hi2c2
 COMMON         0x00000000200001dc       0x36 Src/main.o
                0x00000000200001dc                j
                0x00000000200001e0                OW
                0x00000000200001f4                i
                0x00000000200001f8                temps
                0x0000000020000200                count
                0x0000000020000201                devices
                0x0000000020000202                device
 *fill*         0x0000000020000212        0x2 
 COMMON         0x0000000020000214       0x44 Src/quadspi.o
                0x0000000020000214                hqspi
 COMMON         0x0000000020000258       0x64 Src/spi.o
                0x0000000020000258                hspi3
 COMMON         0x00000000200002bc       0xf0 Src/usart.o
                0x00000000200002bc                huart3
                0x0000000020000334                huart1
 COMMON         0x00000000200003ac      0x408 Src/usb_otg.o
                0x00000000200003ac                hpcd_USB_OTG_FS
 COMMON         0x00000000200007b4        0x4 /opt/Atollic_TrueSTUDIO_for_STM32_x86_64_9.2.0/ARMTools/bin/../lib/gcc/arm-atollic-eabi/6.3.1/../../../../arm-atollic-eabi/lib/armv7e-m/fpu/libc_nano.a(lib_a-reent.o)
                0x00000000200007b4                errno
                0x00000000200007b8                . = ALIGN (0x4)
                0x00000000200007b8                _ebss = .
                0x00000000200007b8                __bss_end__ = _ebss

._user_heap_stack
                0x00000000200007b8      0x600 load address 0x000000000800400c
                0x00000000200007b8                . = ALIGN (0x4)
                0x00000000200007b8                PROVIDE (end, .)
                [!provide]                        PROVIDE (_end, .)
                0x00000000200009b8                . = (. + _Min_Heap_Size)
 *fill*         0x00000000200007b8      0x200 
                0x0000000020000db8                . = (. + _Min_Stack_Size)
 *fill*         0x00000000200009b8      0x400 
                0x0000000020000db8                . = ALIGN (0x4)

/DISCARD/
 libc.a(*)
 libm.a(*)
 libgcc.a(*)

.ARM.attributes
                0x0000000000000000       0x30
 *(.ARM.attributes)
 .ARM.attributes
                0x0000000000000000       0x22 /opt/Atollic_TrueSTUDIO_for_STM32_x86_64_9.2.0/ARMTools/bin/../lib/gcc/arm-atollic-eabi/6.3.1/armv7e-m/fpu/crti.o
 .ARM.attributes
                0x0000000000000022       0x34 /opt/Atollic_TrueSTUDIO_for_STM32_x86_64_9.2.0/ARMTools/bin/../lib/gcc/arm-atollic-eabi/6.3.1/armv7e-m/fpu/crtbegin.o
 .ARM.attributes
                0x0000000000000056       0x39 Drivers/STM32L4xx_HAL_Driver/Src/stm32l4xx_hal.o
 .ARM.attributes
                0x000000000000008f       0x39 Drivers/STM32L4xx_HAL_Driver/Src/stm32l4xx_hal_cortex.o
 .ARM.attributes
                0x00000000000000c8       0x39 Drivers/STM32L4xx_HAL_Driver/Src/stm32l4xx_hal_dfsdm.o
 .ARM.attributes
                0x0000000000000101       0x39 Drivers/STM32L4xx_HAL_Driver/Src/stm32l4xx_hal_gpio.o
 .ARM.attributes
                0x000000000000013a       0x39 Drivers/STM32L4xx_HAL_Driver/Src/stm32l4xx_hal_i2c.o
 .ARM.attributes
                0x0000000000000173       0x39 Drivers/STM32L4xx_HAL_Driver/Src/stm32l4xx_hal_i2c_ex.o
 .ARM.attributes
                0x00000000000001ac       0x39 Drivers/STM32L4xx_HAL_Driver/Src/stm32l4xx_hal_pcd.o
 .ARM.attributes
                0x00000000000001e5       0x39 Drivers/STM32L4xx_HAL_Driver/Src/stm32l4xx_hal_pcd_ex.o
 .ARM.attributes
                0x000000000000021e       0x39 Drivers/STM32L4xx_HAL_Driver/Src/stm32l4xx_hal_pwr.o
 .ARM.attributes
                0x0000000000000257       0x39 Drivers/STM32L4xx_HAL_Driver/Src/stm32l4xx_hal_pwr_ex.o
 .ARM.attributes
                0x0000000000000290       0x39 Drivers/STM32L4xx_HAL_Driver/Src/stm32l4xx_hal_qspi.o
 .ARM.attributes
                0x00000000000002c9       0x39 Drivers/STM32L4xx_HAL_Driver/Src/stm32l4xx_hal_rcc.o
 .ARM.attributes
                0x0000000000000302       0x39 Drivers/STM32L4xx_HAL_Driver/Src/stm32l4xx_hal_rcc_ex.o
 .ARM.attributes
                0x000000000000033b       0x39 Drivers/STM32L4xx_HAL_Driver/Src/stm32l4xx_hal_spi.o
 .ARM.attributes
                0x0000000000000374       0x39 Drivers/STM32L4xx_HAL_Driver/Src/stm32l4xx_hal_uart.o
 .ARM.attributes
                0x00000000000003ad       0x39 Drivers/STM32L4xx_HAL_Driver/Src/stm32l4xx_ll_usb.o
 .ARM.attributes
                0x00000000000003e6       0x39 Src/dfsdm.o
 .ARM.attributes
                0x000000000000041f       0x39 Src/gpio.o
 .ARM.attributes
                0x0000000000000458       0x39 Src/i2c.o
 .ARM.attributes
                0x0000000000000491       0x39 Src/main.o
 .ARM.attributes
                0x00000000000004ca       0x39 Src/quadspi.o
 .ARM.attributes
                0x0000000000000503       0x39 Src/spi.o
 .ARM.attributes
                0x000000000000053c       0x39 Src/stm32l4xx_hal_msp.o
 .ARM.attributes
                0x0000000000000575       0x39 Src/stm32l4xx_it.o
 .ARM.attributes
                0x00000000000005ae       0x39 Src/system_stm32l4xx.o
 .ARM.attributes
                0x00000000000005e7       0x39 Src/tm_stm32_delay.o
 .ARM.attributes
                0x0000000000000620       0x39 Src/tm_stm32_ds18b20.o
 .ARM.attributes
                0x0000000000000659       0x39 Src/tm_stm32_gpio.o
 .ARM.attributes
                0x0000000000000692       0x39 Src/tm_stm32_onewire.o
 .ARM.attributes
                0x00000000000006cb       0x39 Src/usart.o
 .ARM.attributes
                0x0000000000000704       0x39 Src/usb_otg.o
 .ARM.attributes
                0x000000000000073d       0x21 startup/startup_stm32l475xx.o
 .ARM.attributes
                0x000000000000075e       0x34 /opt/Atollic_TrueSTUDIO_for_STM32_x86_64_9.2.0/ARMTools/bin/../lib/gcc/arm-atollic-eabi/6.3.1/../../../../arm-atollic-eabi/lib/armv7e-m/fpu/libc_nano.a(lib_a-init.o)
 .ARM.attributes
                0x0000000000000792       0x34 /opt/Atollic_TrueSTUDIO_for_STM32_x86_64_9.2.0/ARMTools/bin/../lib/gcc/arm-atollic-eabi/6.3.1/../../../../arm-atollic-eabi/lib/armv7e-m/fpu/libc_nano.a(lib_a-memset.o)
 .ARM.attributes
                0x00000000000007c6       0x34 /opt/Atollic_TrueSTUDIO_for_STM32_x86_64_9.2.0/ARMTools/bin/../lib/gcc/arm-atollic-eabi/6.3.1/../../../../arm-atollic-eabi/lib/armv7e-m/fpu/libc_nano.a(lib_a-nano-freer.o)
 .ARM.attributes
                0x00000000000007fa       0x34 /opt/Atollic_TrueSTUDIO_for_STM32_x86_64_9.2.0/ARMTools/bin/../lib/gcc/arm-atollic-eabi/6.3.1/../../../../arm-atollic-eabi/lib/armv7e-m/fpu/libc_nano.a(lib_a-nano-mallocr.o)
 .ARM.attributes
                0x000000000000082e       0x34 /opt/Atollic_TrueSTUDIO_for_STM32_x86_64_9.2.0/ARMTools/bin/../lib/gcc/arm-atollic-eabi/6.3.1/../../../../arm-atollic-eabi/lib/armv7e-m/fpu/libc_nano.a(lib_a-sbrkr.o)
 .ARM.attributes
                0x0000000000000862       0x34 /opt/Atollic_TrueSTUDIO_for_STM32_x86_64_9.2.0/ARMTools/bin/../lib/gcc/arm-atollic-eabi/6.3.1/../../../../arm-atollic-eabi/lib/armv7e-m/fpu/libc_nano.a(lib_a-snprintf.o)
 .ARM.attributes
                0x0000000000000896       0x34 /opt/Atollic_TrueSTUDIO_for_STM32_x86_64_9.2.0/ARMTools/bin/../lib/gcc/arm-atollic-eabi/6.3.1/../../../../arm-atollic-eabi/lib/armv7e-m/fpu/libc_nano.a(lib_a-strcpy.o)
 .ARM.attributes
                0x00000000000008ca       0x34 /opt/Atollic_TrueSTUDIO_for_STM32_x86_64_9.2.0/ARMTools/bin/../lib/gcc/arm-atollic-eabi/6.3.1/../../../../arm-atollic-eabi/lib/armv7e-m/fpu/libc_nano.a(lib_a-impure.o)
 .ARM.attributes
                0x00000000000008fe       0x34 /opt/Atollic_TrueSTUDIO_for_STM32_x86_64_9.2.0/ARMTools/bin/../lib/gcc/arm-atollic-eabi/6.3.1/../../../../arm-atollic-eabi/lib/armv7e-m/fpu/libc_nano.a(lib_a-mlock.o)
 .ARM.attributes
                0x0000000000000932       0x34 /opt/Atollic_TrueSTUDIO_for_STM32_x86_64_9.2.0/ARMTools/bin/../lib/gcc/arm-atollic-eabi/6.3.1/../../../../arm-atollic-eabi/lib/armv7e-m/fpu/libc_nano.a(lib_a-nano-svfprintf.o)
 .ARM.attributes
                0x0000000000000966       0x34 /opt/Atollic_TrueSTUDIO_for_STM32_x86_64_9.2.0/ARMTools/bin/../lib/gcc/arm-atollic-eabi/6.3.1/../../../../arm-atollic-eabi/lib/armv7e-m/fpu/libc_nano.a(lib_a-nano-vfprintf_i.o)
 .ARM.attributes
                0x000000000000099a       0x34 /opt/Atollic_TrueSTUDIO_for_STM32_x86_64_9.2.0/ARMTools/bin/../lib/gcc/arm-atollic-eabi/6.3.1/../../../../arm-atollic-eabi/lib/armv7e-m/fpu/libc_nano.a(lib_a-reent.o)
 .ARM.attributes
                0x00000000000009ce       0x20 /opt/Atollic_TrueSTUDIO_for_STM32_x86_64_9.2.0/ARMTools/bin/../lib/gcc/arm-atollic-eabi/6.3.1/../../../../arm-atollic-eabi/lib/armv7e-m/fpu/libc_nano.a(lib_a-memchr.o)
 .ARM.attributes
                0x00000000000009ee       0x34 /opt/Atollic_TrueSTUDIO_for_STM32_x86_64_9.2.0/ARMTools/bin/../lib/gcc/arm-atollic-eabi/6.3.1/../../../../arm-atollic-eabi/lib/armv7e-m/fpu/libc_nano.a(lib_a-memcpy-stub.o)
 .ARM.attributes
                0x0000000000000a22       0x34 /opt/Atollic_TrueSTUDIO_for_STM32_x86_64_9.2.0/ARMTools/bin/../lib/gcc/arm-atollic-eabi/6.3.1/../../../../arm-atollic-eabi/lib/armv7e-m/fpu/libc_nano.a(lib_a-memmove.o)
 .ARM.attributes
                0x0000000000000a56       0x34 /opt/Atollic_TrueSTUDIO_for_STM32_x86_64_9.2.0/ARMTools/bin/../lib/gcc/arm-atollic-eabi/6.3.1/../../../../arm-atollic-eabi/lib/armv7e-m/fpu/libc_nano.a(lib_a-nano-reallocr.o)
 .ARM.attributes
                0x0000000000000a8a       0x34 /opt/Atollic_TrueSTUDIO_for_STM32_x86_64_9.2.0/ARMTools/bin/../lib/gcc/arm-atollic-eabi/6.3.1/../../../../arm-atollic-eabi/lib/armv7e-m/fpu/libc_nano.a(lib_a-nano-msizer.o)
 .ARM.attributes
                0x0000000000000abe       0x22 /opt/Atollic_TrueSTUDIO_for_STM32_x86_64_9.2.0/ARMTools/bin/../lib/gcc/arm-atollic-eabi/6.3.1/armv7e-m/fpu/libgcc.a(_aeabi_uldivmod.o)
 .ARM.attributes
                0x0000000000000ae0       0x34 /opt/Atollic_TrueSTUDIO_for_STM32_x86_64_9.2.0/ARMTools/bin/../lib/gcc/arm-atollic-eabi/6.3.1/armv7e-m/fpu/libgcc.a(_udivmoddi4.o)
 .ARM.attributes
                0x0000000000000b14       0x22 /opt/Atollic_TrueSTUDIO_for_STM32_x86_64_9.2.0/ARMTools/bin/../lib/gcc/arm-atollic-eabi/6.3.1/armv7e-m/fpu/libgcc.a(_dvmd_tls.o)
 .ARM.attributes
                0x0000000000000b36       0x34 /opt/Atollic_TrueSTUDIO_for_STM32_x86_64_9.2.0/ARMTools/bin/../lib/gcc/arm-atollic-eabi/6.3.1/../../../../arm-atollic-eabi/lib/armv7e-m/fpu/libnosys.a(sbrk.o)
 .ARM.attributes
                0x0000000000000b6a       0x22 /opt/Atollic_TrueSTUDIO_for_STM32_x86_64_9.2.0/ARMTools/bin/../lib/gcc/arm-atollic-eabi/6.3.1/armv7e-m/fpu/crtn.o
OUTPUT(PButton.elf elf32-littlearm)

.debug_info     0x0000000000000000    0x20c41
 .debug_info    0x0000000000000000      0xb16 Drivers/STM32L4xx_HAL_Driver/Src/stm32l4xx_hal.o
 .debug_info    0x0000000000000b16      0xf67 Drivers/STM32L4xx_HAL_Driver/Src/stm32l4xx_hal_cortex.o
 .debug_info    0x0000000000001a7d     0x1df3 Drivers/STM32L4xx_HAL_Driver/Src/stm32l4xx_hal_dfsdm.o
 .debug_info    0x0000000000003870      0x862 Drivers/STM32L4xx_HAL_Driver/Src/stm32l4xx_hal_gpio.o
 .debug_info    0x00000000000040d2     0x37c1 Drivers/STM32L4xx_HAL_Driver/Src/stm32l4xx_hal_i2c.o
 .debug_info    0x0000000000007893      0xa36 Drivers/STM32L4xx_HAL_Driver/Src/stm32l4xx_hal_i2c_ex.o
 .debug_info    0x00000000000082c9     0x1635 Drivers/STM32L4xx_HAL_Driver/Src/stm32l4xx_hal_pcd.o
 .debug_info    0x00000000000098fe      0xac6 Drivers/STM32L4xx_HAL_Driver/Src/stm32l4xx_hal_pcd_ex.o
 .debug_info    0x000000000000a3c4      0x9fd Drivers/STM32L4xx_HAL_Driver/Src/stm32l4xx_hal_pwr.o
 .debug_info    0x000000000000adc1      0xad2 Drivers/STM32L4xx_HAL_Driver/Src/stm32l4xx_hal_pwr_ex.o
 .debug_info    0x000000000000b893     0x16d8 Drivers/STM32L4xx_HAL_Driver/Src/stm32l4xx_hal_qspi.o
 .debug_info    0x000000000000cf6b      0xdfe Drivers/STM32L4xx_HAL_Driver/Src/stm32l4xx_hal_rcc.o
 .debug_info    0x000000000000dd69     0x1077 Drivers/STM32L4xx_HAL_Driver/Src/stm32l4xx_hal_rcc_ex.o
 .debug_info    0x000000000000ede0     0x2061 Drivers/STM32L4xx_HAL_Driver/Src/stm32l4xx_hal_spi.o
 .debug_info    0x0000000000010e41     0x1c1d Drivers/STM32L4xx_HAL_Driver/Src/stm32l4xx_hal_uart.o
 .debug_info    0x0000000000012a5e     0x1acc Drivers/STM32L4xx_HAL_Driver/Src/stm32l4xx_ll_usb.o
 .debug_info    0x000000000001452a      0x820 Src/dfsdm.o
 .debug_info    0x0000000000014d4a      0xac7 Src/gpio.o
 .debug_info    0x0000000000015811      0xb38 Src/i2c.o
 .debug_info    0x0000000000016349     0x2a0d Src/main.o
 .debug_info    0x0000000000018d56      0xa4d Src/quadspi.o
 .debug_info    0x00000000000197a3      0xa8a Src/spi.o
 .debug_info    0x000000000001a22d      0x398 Src/stm32l4xx_hal_msp.o
 .debug_info    0x000000000001a5c5      0x2f9 Src/stm32l4xx_it.o
 .debug_info    0x000000000001a8be      0x5cf Src/system_stm32l4xx.o
 .debug_info    0x000000000001ae8d      0xfe2 Src/tm_stm32_delay.o
 .debug_info    0x000000000001be6f     0x17b5 Src/tm_stm32_ds18b20.o
 .debug_info    0x000000000001d624      0x9dc Src/tm_stm32_gpio.o
 .debug_info    0x000000000001e000     0x14a3 Src/tm_stm32_onewire.o
 .debug_info    0x000000000001f4a3      0xbc6 Src/usart.o
 .debug_info    0x0000000000020069      0xb63 Src/usb_otg.o
 .debug_info    0x0000000000020bcc       0x75 startup/startup_stm32l475xx.o

.debug_abbrev   0x0000000000000000     0x48e4
 .debug_abbrev  0x0000000000000000      0x29d Drivers/STM32L4xx_HAL_Driver/Src/stm32l4xx_hal.o
 .debug_abbrev  0x000000000000029d      0x2e6 Drivers/STM32L4xx_HAL_Driver/Src/stm32l4xx_hal_cortex.o
 .debug_abbrev  0x0000000000000583      0x2d0 Drivers/STM32L4xx_HAL_Driver/Src/stm32l4xx_hal_dfsdm.o
 .debug_abbrev  0x0000000000000853      0x1d7 Drivers/STM32L4xx_HAL_Driver/Src/stm32l4xx_hal_gpio.o
 .debug_abbrev  0x0000000000000a2a      0x351 Drivers/STM32L4xx_HAL_Driver/Src/stm32l4xx_hal_i2c.o
 .debug_abbrev  0x0000000000000d7b      0x1b2 Drivers/STM32L4xx_HAL_Driver/Src/stm32l4xx_hal_i2c_ex.o
 .debug_abbrev  0x0000000000000f2d      0x32f Drivers/STM32L4xx_HAL_Driver/Src/stm32l4xx_hal_pcd.o
 .debug_abbrev  0x000000000000125c      0x292 Drivers/STM32L4xx_HAL_Driver/Src/stm32l4xx_hal_pcd_ex.o
 .debug_abbrev  0x00000000000014ee      0x1b4 Drivers/STM32L4xx_HAL_Driver/Src/stm32l4xx_hal_pwr.o
 .debug_abbrev  0x00000000000016a2      0x227 Drivers/STM32L4xx_HAL_Driver/Src/stm32l4xx_hal_pwr_ex.o
 .debug_abbrev  0x00000000000018c9      0x2d0 Drivers/STM32L4xx_HAL_Driver/Src/stm32l4xx_hal_qspi.o
 .debug_abbrev  0x0000000000001b99      0x267 Drivers/STM32L4xx_HAL_Driver/Src/stm32l4xx_hal_rcc.o
 .debug_abbrev  0x0000000000001e00      0x264 Drivers/STM32L4xx_HAL_Driver/Src/stm32l4xx_hal_rcc_ex.o
 .debug_abbrev  0x0000000000002064      0x318 Drivers/STM32L4xx_HAL_Driver/Src/stm32l4xx_hal_spi.o
 .debug_abbrev  0x000000000000237c      0x30e Drivers/STM32L4xx_HAL_Driver/Src/stm32l4xx_hal_uart.o
 .debug_abbrev  0x000000000000268a      0x329 Drivers/STM32L4xx_HAL_Driver/Src/stm32l4xx_ll_usb.o
 .debug_abbrev  0x00000000000029b3      0x1d4 Src/dfsdm.o
 .debug_abbrev  0x0000000000002b87      0x17c Src/gpio.o
 .debug_abbrev  0x0000000000002d03      0x201 Src/i2c.o
 .debug_abbrev  0x0000000000002f04      0x2ce Src/main.o
 .debug_abbrev  0x00000000000031d2      0x1eb Src/quadspi.o
 .debug_abbrev  0x00000000000033bd      0x1eb Src/spi.o
 .debug_abbrev  0x00000000000035a8       0xea Src/stm32l4xx_hal_msp.o
 .debug_abbrev  0x0000000000003692      0x121 Src/stm32l4xx_it.o
 .debug_abbrev  0x00000000000037b3      0x12f Src/system_stm32l4xx.o
 .debug_abbrev  0x00000000000038e2      0x334 Src/tm_stm32_delay.o
 .debug_abbrev  0x0000000000003c16      0x358 Src/tm_stm32_ds18b20.o
 .debug_abbrev  0x0000000000003f6e      0x205 Src/tm_stm32_gpio.o
 .debug_abbrev  0x0000000000004173      0x393 Src/tm_stm32_onewire.o
 .debug_abbrev  0x0000000000004506      0x1dd Src/usart.o
 .debug_abbrev  0x00000000000046e3      0x1ef Src/usb_otg.o
 .debug_abbrev  0x00000000000048d2       0x12 startup/startup_stm32l475xx.o

.debug_loc      0x0000000000000000     0xf865
 .debug_loc     0x0000000000000000      0x149 Drivers/STM32L4xx_HAL_Driver/Src/stm32l4xx_hal.o
 .debug_loc     0x0000000000000149      0x4fb Drivers/STM32L4xx_HAL_Driver/Src/stm32l4xx_hal_cortex.o
 .debug_loc     0x0000000000000644     0x18a8 Drivers/STM32L4xx_HAL_Driver/Src/stm32l4xx_hal_dfsdm.o
 .debug_loc     0x0000000000001eec      0x29d Drivers/STM32L4xx_HAL_Driver/Src/stm32l4xx_hal_gpio.o
 .debug_loc     0x0000000000002189     0x38e7 Drivers/STM32L4xx_HAL_Driver/Src/stm32l4xx_hal_i2c.o
 .debug_loc     0x0000000000005a70      0x1a0 Drivers/STM32L4xx_HAL_Driver/Src/stm32l4xx_hal_i2c_ex.o
 .debug_loc     0x0000000000005c10      0xa7c Drivers/STM32L4xx_HAL_Driver/Src/stm32l4xx_hal_pcd.o
 .debug_loc     0x000000000000668c      0x1cb Drivers/STM32L4xx_HAL_Driver/Src/stm32l4xx_hal_pcd_ex.o
 .debug_loc     0x0000000000006857      0x132 Drivers/STM32L4xx_HAL_Driver/Src/stm32l4xx_hal_pwr.o
 .debug_loc     0x0000000000006989      0x63b Drivers/STM32L4xx_HAL_Driver/Src/stm32l4xx_hal_pwr_ex.o
 .debug_loc     0x0000000000006fc4     0x102f Drivers/STM32L4xx_HAL_Driver/Src/stm32l4xx_hal_qspi.o
 .debug_loc     0x0000000000007ff3      0x5ae Drivers/STM32L4xx_HAL_Driver/Src/stm32l4xx_hal_rcc.o
 .debug_loc     0x00000000000085a1      0xd98 Drivers/STM32L4xx_HAL_Driver/Src/stm32l4xx_hal_rcc_ex.o
 .debug_loc     0x0000000000009339     0x1a81 Drivers/STM32L4xx_HAL_Driver/Src/stm32l4xx_hal_spi.o
 .debug_loc     0x000000000000adba     0x19b3 Drivers/STM32L4xx_HAL_Driver/Src/stm32l4xx_hal_uart.o
 .debug_loc     0x000000000000c76d     0x1832 Drivers/STM32L4xx_HAL_Driver/Src/stm32l4xx_ll_usb.o
 .debug_loc     0x000000000000df9f       0x4d Src/dfsdm.o
 .debug_loc     0x000000000000dfec       0x58 Src/i2c.o
 .debug_loc     0x000000000000e044       0x68 Src/main.o
 .debug_loc     0x000000000000e0ac       0x58 Src/quadspi.o
 .debug_loc     0x000000000000e104       0x58 Src/spi.o
 .debug_loc     0x000000000000e15c      0x1be Src/system_stm32l4xx.o
 .debug_loc     0x000000000000e31a      0x216 Src/tm_stm32_delay.o
 .debug_loc     0x000000000000e530      0x6e9 Src/tm_stm32_ds18b20.o
 .debug_loc     0x000000000000ec19      0x49a Src/tm_stm32_gpio.o
 .debug_loc     0x000000000000f0b3      0x702 Src/tm_stm32_onewire.o
 .debug_loc     0x000000000000f7b5       0x63 Src/usart.o
 .debug_loc     0x000000000000f818       0x4d Src/usb_otg.o

.debug_aranges  0x0000000000000000     0x14d8
 .debug_aranges
                0x0000000000000000      0x108 Drivers/STM32L4xx_HAL_Driver/Src/stm32l4xx_hal.o
 .debug_aranges
                0x0000000000000108       0xa8 Drivers/STM32L4xx_HAL_Driver/Src/stm32l4xx_hal_cortex.o
 .debug_aranges
                0x00000000000001b0      0x1f0 Drivers/STM32L4xx_HAL_Driver/Src/stm32l4xx_hal_dfsdm.o
 .debug_aranges
                0x00000000000003a0       0x58 Drivers/STM32L4xx_HAL_Driver/Src/stm32l4xx_hal_gpio.o
 .debug_aranges
                0x00000000000003f8      0x238 Drivers/STM32L4xx_HAL_Driver/Src/stm32l4xx_hal_i2c.o
 .debug_aranges
                0x0000000000000630       0x48 Drivers/STM32L4xx_HAL_Driver/Src/stm32l4xx_hal_i2c_ex.o
 .debug_aranges
                0x0000000000000678       0xc0 Drivers/STM32L4xx_HAL_Driver/Src/stm32l4xx_hal_pcd.o
 .debug_aranges
                0x0000000000000738       0x58 Drivers/STM32L4xx_HAL_Driver/Src/stm32l4xx_hal_pcd_ex.o
 .debug_aranges
                0x0000000000000790       0x98 Drivers/STM32L4xx_HAL_Driver/Src/stm32l4xx_hal_pwr.o
 .debug_aranges
                0x0000000000000828      0x130 Drivers/STM32L4xx_HAL_Driver/Src/stm32l4xx_hal_pwr_ex.o
 .debug_aranges
                0x0000000000000958      0x108 Drivers/STM32L4xx_HAL_Driver/Src/stm32l4xx_hal_qspi.o
 .debug_aranges
                0x0000000000000a60       0x88 Drivers/STM32L4xx_HAL_Driver/Src/stm32l4xx_hal_rcc.o
 .debug_aranges
                0x0000000000000ae8       0xc0 Drivers/STM32L4xx_HAL_Driver/Src/stm32l4xx_hal_rcc_ex.o
 .debug_aranges
                0x0000000000000ba8      0x198 Drivers/STM32L4xx_HAL_Driver/Src/stm32l4xx_hal_spi.o
 .debug_aranges
                0x0000000000000d40      0x1a0 Drivers/STM32L4xx_HAL_Driver/Src/stm32l4xx_hal_uart.o
 .debug_aranges
                0x0000000000000ee0      0x190 Drivers/STM32L4xx_HAL_Driver/Src/stm32l4xx_ll_usb.o
 .debug_aranges
                0x0000000000001070       0x30 Src/dfsdm.o
 .debug_aranges
                0x00000000000010a0       0x20 Src/gpio.o
 .debug_aranges
                0x00000000000010c0       0x30 Src/i2c.o
 .debug_aranges
                0x00000000000010f0       0x30 Src/main.o
 .debug_aranges
                0x0000000000001120       0x30 Src/quadspi.o
 .debug_aranges
                0x0000000000001150       0x30 Src/spi.o
 .debug_aranges
                0x0000000000001180       0x20 Src/stm32l4xx_hal_msp.o
 .debug_aranges
                0x00000000000011a0       0x58 Src/stm32l4xx_it.o
 .debug_aranges
                0x00000000000011f8       0x28 Src/system_stm32l4xx.o
 .debug_aranges
                0x0000000000001220       0x78 Src/tm_stm32_delay.o
 .debug_aranges
                0x0000000000001298       0x70 Src/tm_stm32_ds18b20.o
 .debug_aranges
                0x0000000000001308       0x98 Src/tm_stm32_gpio.o
 .debug_aranges
                0x00000000000013a0       0xa8 Src/tm_stm32_onewire.o
 .debug_aranges
                0x0000000000001448       0x38 Src/usart.o
 .debug_aranges
                0x0000000000001480       0x30 Src/usb_otg.o
 .debug_aranges
                0x00000000000014b0       0x28 startup/startup_stm32l475xx.o

.debug_ranges   0x0000000000000000     0x1780
 .debug_ranges  0x0000000000000000       0xf8 Drivers/STM32L4xx_HAL_Driver/Src/stm32l4xx_hal.o
 .debug_ranges  0x00000000000000f8      0x138 Drivers/STM32L4xx_HAL_Driver/Src/stm32l4xx_hal_cortex.o
 .debug_ranges  0x0000000000000230      0x248 Drivers/STM32L4xx_HAL_Driver/Src/stm32l4xx_hal_dfsdm.o
 .debug_ranges  0x0000000000000478       0x68 Drivers/STM32L4xx_HAL_Driver/Src/stm32l4xx_hal_gpio.o
 .debug_ranges  0x00000000000004e0      0x270 Drivers/STM32L4xx_HAL_Driver/Src/stm32l4xx_hal_i2c.o
 .debug_ranges  0x0000000000000750       0x68 Drivers/STM32L4xx_HAL_Driver/Src/stm32l4xx_hal_i2c_ex.o
 .debug_ranges  0x00000000000007b8       0xb0 Drivers/STM32L4xx_HAL_Driver/Src/stm32l4xx_hal_pcd.o
 .debug_ranges  0x0000000000000868       0x48 Drivers/STM32L4xx_HAL_Driver/Src/stm32l4xx_hal_pcd_ex.o
 .debug_ranges  0x00000000000008b0       0x88 Drivers/STM32L4xx_HAL_Driver/Src/stm32l4xx_hal_pwr.o
 .debug_ranges  0x0000000000000938      0x120 Drivers/STM32L4xx_HAL_Driver/Src/stm32l4xx_hal_pwr_ex.o
 .debug_ranges  0x0000000000000a58      0x110 Drivers/STM32L4xx_HAL_Driver/Src/stm32l4xx_hal_qspi.o
 .debug_ranges  0x0000000000000b68       0x90 Drivers/STM32L4xx_HAL_Driver/Src/stm32l4xx_hal_rcc.o
 .debug_ranges  0x0000000000000bf8       0xf0 Drivers/STM32L4xx_HAL_Driver/Src/stm32l4xx_hal_rcc_ex.o
 .debug_ranges  0x0000000000000ce8      0x248 Drivers/STM32L4xx_HAL_Driver/Src/stm32l4xx_hal_spi.o
 .debug_ranges  0x0000000000000f30      0x190 Drivers/STM32L4xx_HAL_Driver/Src/stm32l4xx_hal_uart.o
 .debug_ranges  0x00000000000010c0      0x198 Drivers/STM32L4xx_HAL_Driver/Src/stm32l4xx_ll_usb.o
 .debug_ranges  0x0000000000001258       0x40 Src/dfsdm.o
 .debug_ranges  0x0000000000001298       0x48 Src/gpio.o
 .debug_ranges  0x00000000000012e0       0x38 Src/i2c.o
 .debug_ranges  0x0000000000001318       0x20 Src/main.o
 .debug_ranges  0x0000000000001338       0x40 Src/quadspi.o
 .debug_ranges  0x0000000000001378       0x40 Src/spi.o
 .debug_ranges  0x00000000000013b8       0x28 Src/stm32l4xx_hal_msp.o
 .debug_ranges  0x00000000000013e0       0x48 Src/stm32l4xx_it.o
 .debug_ranges  0x0000000000001428       0x18 Src/system_stm32l4xx.o
 .debug_ranges  0x0000000000001440       0x68 Src/tm_stm32_delay.o
 .debug_ranges  0x00000000000014a8      0x108 Src/tm_stm32_ds18b20.o
 .debug_ranges  0x00000000000015b0       0x88 Src/tm_stm32_gpio.o
 .debug_ranges  0x0000000000001638       0xb0 Src/tm_stm32_onewire.o
 .debug_ranges  0x00000000000016e8       0x58 Src/usart.o
 .debug_ranges  0x0000000000001740       0x20 Src/usb_otg.o
 .debug_ranges  0x0000000000001760       0x20 startup/startup_stm32l475xx.o

.debug_line     0x0000000000000000     0xae7a
 .debug_line    0x0000000000000000      0x437 Drivers/STM32L4xx_HAL_Driver/Src/stm32l4xx_hal.o
 .debug_line    0x0000000000000437      0x43b Drivers/STM32L4xx_HAL_Driver/Src/stm32l4xx_hal_cortex.o
 .debug_line    0x0000000000000872      0xacf Drivers/STM32L4xx_HAL_Driver/Src/stm32l4xx_hal_dfsdm.o
 .debug_line    0x0000000000001341      0x3d3 Drivers/STM32L4xx_HAL_Driver/Src/stm32l4xx_hal_gpio.o
 .debug_line    0x0000000000001714     0x191c Drivers/STM32L4xx_HAL_Driver/Src/stm32l4xx_hal_i2c.o
 .debug_line    0x0000000000003030      0x357 Drivers/STM32L4xx_HAL_Driver/Src/stm32l4xx_hal_i2c_ex.o
 .debug_line    0x0000000000003387      0x6b2 Drivers/STM32L4xx_HAL_Driver/Src/stm32l4xx_hal_pcd.o
 .debug_line    0x0000000000003a39      0x304 Drivers/STM32L4xx_HAL_Driver/Src/stm32l4xx_hal_pcd_ex.o
 .debug_line    0x0000000000003d3d      0x384 Drivers/STM32L4xx_HAL_Driver/Src/stm32l4xx_hal_pwr.o
 .debug_line    0x00000000000040c1      0x5bf Drivers/STM32L4xx_HAL_Driver/Src/stm32l4xx_hal_pwr_ex.o
 .debug_line    0x0000000000004680      0x851 Drivers/STM32L4xx_HAL_Driver/Src/stm32l4xx_hal_qspi.o
 .debug_line    0x0000000000004ed1      0x5a7 Drivers/STM32L4xx_HAL_Driver/Src/stm32l4xx_hal_rcc.o
 .debug_line    0x0000000000005478      0x6e6 Drivers/STM32L4xx_HAL_Driver/Src/stm32l4xx_hal_rcc_ex.o
 .debug_line    0x0000000000005b5e      0xc7f Drivers/STM32L4xx_HAL_Driver/Src/stm32l4xx_hal_spi.o
 .debug_line    0x00000000000067dd      0xdae Drivers/STM32L4xx_HAL_Driver/Src/stm32l4xx_hal_uart.o
 .debug_line    0x000000000000758b      0x88d Drivers/STM32L4xx_HAL_Driver/Src/stm32l4xx_ll_usb.o
 .debug_line    0x0000000000007e18      0x28c Src/dfsdm.o
 .debug_line    0x00000000000080a4      0x29f Src/gpio.o
 .debug_line    0x0000000000008343      0x299 Src/i2c.o
 .debug_line    0x00000000000085dc      0x594 Src/main.o
 .debug_line    0x0000000000008b70      0x28d Src/quadspi.o
 .debug_line    0x0000000000008dfd      0x289 Src/spi.o
 .debug_line    0x0000000000009086      0x1d1 Src/stm32l4xx_hal_msp.o
 .debug_line    0x0000000000009257      0x24c Src/stm32l4xx_it.o
 .debug_line    0x00000000000094a3      0x232 Src/system_stm32l4xx.o
 .debug_line    0x00000000000096d5      0x42b Src/tm_stm32_delay.o
 .debug_line    0x0000000000009b00      0x4b9 Src/tm_stm32_ds18b20.o
 .debug_line    0x0000000000009fb9      0x37a Src/tm_stm32_gpio.o
 .debug_line    0x000000000000a333      0x544 Src/tm_stm32_onewire.o
 .debug_line    0x000000000000a877      0x2c1 Src/usart.o
 .debug_line    0x000000000000ab38      0x2c3 Src/usb_otg.o
 .debug_line    0x000000000000adfb       0x7f startup/startup_stm32l475xx.o

.debug_str      0x0000000000000000     0x7544
 .debug_str     0x0000000000000000      0xc13 Drivers/STM32L4xx_HAL_Driver/Src/stm32l4xx_hal.o
                                        0xc9c (size before relaxing)
 .debug_str     0x0000000000000c13      0x3c3 Drivers/STM32L4xx_HAL_Driver/Src/stm32l4xx_hal_cortex.o
                                        0xc6c (size before relaxing)
 .debug_str     0x0000000000000fd6      0xf87 Drivers/STM32L4xx_HAL_Driver/Src/stm32l4xx_hal_dfsdm.o
                                       0x1312 (size before relaxing)
 .debug_str     0x0000000000001f5d      0x1ca Drivers/STM32L4xx_HAL_Driver/Src/stm32l4xx_hal_gpio.o
                                        0x5ca (size before relaxing)
 .debug_str     0x0000000000002127      0xb21 Drivers/STM32L4xx_HAL_Driver/Src/stm32l4xx_hal_i2c.o
                                        0xffb (size before relaxing)
 .debug_str     0x0000000000002c48       0xf3 Drivers/STM32L4xx_HAL_Driver/Src/stm32l4xx_hal_i2c_ex.o
                                        0x972 (size before relaxing)
 .debug_str     0x0000000000002d3b      0xafa Drivers/STM32L4xx_HAL_Driver/Src/stm32l4xx_hal_pcd.o
                                        0xddd (size before relaxing)
 .debug_str     0x0000000000003835      0x199 Drivers/STM32L4xx_HAL_Driver/Src/stm32l4xx_hal_pcd_ex.o
                                        0x942 (size before relaxing)
 .debug_str     0x00000000000039ce      0x2fb Drivers/STM32L4xx_HAL_Driver/Src/stm32l4xx_hal_pwr.o
                                        0x738 (size before relaxing)
 .debug_str     0x0000000000003cc9      0x427 Drivers/STM32L4xx_HAL_Driver/Src/stm32l4xx_hal_pwr_ex.o
                                        0x861 (size before relaxing)
 .debug_str     0x00000000000040f0      0x6b8 Drivers/STM32L4xx_HAL_Driver/Src/stm32l4xx_hal_qspi.o
                                        0xbc6 (size before relaxing)
 .debug_str     0x00000000000047a8      0x399 Drivers/STM32L4xx_HAL_Driver/Src/stm32l4xx_hal_rcc.o
                                        0x8a7 (size before relaxing)
 .debug_str     0x0000000000004b41      0x562 Drivers/STM32L4xx_HAL_Driver/Src/stm32l4xx_hal_rcc_ex.o
                                        0xb37 (size before relaxing)
 .debug_str     0x00000000000050a3      0x69a Drivers/STM32L4xx_HAL_Driver/Src/stm32l4xx_hal_spi.o
                                        0xc1e (size before relaxing)
 .debug_str     0x000000000000573d      0x8cc Drivers/STM32L4xx_HAL_Driver/Src/stm32l4xx_hal_uart.o
                                        0xfb5 (size before relaxing)
 .debug_str     0x0000000000006009      0x412 Drivers/STM32L4xx_HAL_Driver/Src/stm32l4xx_ll_usb.o
                                        0xcc0 (size before relaxing)
 .debug_str     0x000000000000641b       0x58 Src/dfsdm.o
                                        0x731 (size before relaxing)
 .debug_str     0x0000000000006473       0x1b Src/gpio.o
                                        0x94a (size before relaxing)
 .debug_str     0x000000000000648e       0x2a Src/i2c.o
                                        0x960 (size before relaxing)
 .debug_str     0x00000000000064b8      0x69a Src/main.o
                                       0x1fea (size before relaxing)
 .debug_str     0x0000000000006b52       0x1c Src/quadspi.o
                                        0x87f (size before relaxing)
 .debug_str     0x0000000000006b6e        0xd Src/spi.o
                                        0x861 (size before relaxing)
 .debug_str     0x0000000000006b7b       0x1b Src/stm32l4xx_hal_msp.o
                                        0x38d (size before relaxing)
 .debug_str     0x0000000000006b96       0xd5 Src/stm32l4xx_it.o
                                        0x324 (size before relaxing)
 .debug_str     0x0000000000006c6b       0x3b Src/system_stm32l4xx.o
                                        0x418 (size before relaxing)
 .debug_str     0x0000000000006ca6      0x261 Src/tm_stm32_delay.o
                                        0x988 (size before relaxing)
 .debug_str     0x0000000000006f07      0x1c2 Src/tm_stm32_ds18b20.o
                                        0x991 (size before relaxing)
 .debug_str     0x00000000000070c9      0x2ce Src/tm_stm32_gpio.o
                                        0x691 (size before relaxing)
 .debug_str     0x0000000000007397      0x178 Src/tm_stm32_onewire.o
                                        0xb5b (size before relaxing)
 .debug_str     0x000000000000750f       0x1a Src/usart.o
                                        0x92f (size before relaxing)
 .debug_str     0x0000000000007529       0x1b Src/usb_otg.o
                                        0x8d2 (size before relaxing)

.comment        0x0000000000000000       0x7c
 .comment       0x0000000000000000       0x7c Drivers/STM32L4xx_HAL_Driver/Src/stm32l4xx_hal.o
                                         0x7d (size before relaxing)
 .comment       0x000000000000007c       0x7d Drivers/STM32L4xx_HAL_Driver/Src/stm32l4xx_hal_cortex.o
 .comment       0x000000000000007c       0x7d Drivers/STM32L4xx_HAL_Driver/Src/stm32l4xx_hal_dfsdm.o
 .comment       0x000000000000007c       0x7d Drivers/STM32L4xx_HAL_Driver/Src/stm32l4xx_hal_gpio.o
 .comment       0x000000000000007c       0x7d Drivers/STM32L4xx_HAL_Driver/Src/stm32l4xx_hal_i2c.o
 .comment       0x000000000000007c       0x7d Drivers/STM32L4xx_HAL_Driver/Src/stm32l4xx_hal_i2c_ex.o
 .comment       0x000000000000007c       0x7d Drivers/STM32L4xx_HAL_Driver/Src/stm32l4xx_hal_pcd.o
 .comment       0x000000000000007c       0x7d Drivers/STM32L4xx_HAL_Driver/Src/stm32l4xx_hal_pcd_ex.o
 .comment       0x000000000000007c       0x7d Drivers/STM32L4xx_HAL_Driver/Src/stm32l4xx_hal_pwr.o
 .comment       0x000000000000007c       0x7d Drivers/STM32L4xx_HAL_Driver/Src/stm32l4xx_hal_pwr_ex.o
 .comment       0x000000000000007c       0x7d Drivers/STM32L4xx_HAL_Driver/Src/stm32l4xx_hal_qspi.o
 .comment       0x000000000000007c       0x7d Drivers/STM32L4xx_HAL_Driver/Src/stm32l4xx_hal_rcc.o
 .comment       0x000000000000007c       0x7d Drivers/STM32L4xx_HAL_Driver/Src/stm32l4xx_hal_rcc_ex.o
 .comment       0x000000000000007c       0x7d Drivers/STM32L4xx_HAL_Driver/Src/stm32l4xx_hal_spi.o
 .comment       0x000000000000007c       0x7d Drivers/STM32L4xx_HAL_Driver/Src/stm32l4xx_hal_uart.o
 .comment       0x000000000000007c       0x7d Drivers/STM32L4xx_HAL_Driver/Src/stm32l4xx_ll_usb.o
 .comment       0x000000000000007c       0x7d Src/dfsdm.o
 .comment       0x000000000000007c       0x7d Src/gpio.o
 .comment       0x000000000000007c       0x7d Src/i2c.o
 .comment       0x000000000000007c       0x7d Src/main.o
 .comment       0x000000000000007c       0x7d Src/quadspi.o
 .comment       0x000000000000007c       0x7d Src/spi.o
 .comment       0x000000000000007c       0x7d Src/stm32l4xx_hal_msp.o
 .comment       0x000000000000007c       0x7d Src/stm32l4xx_it.o
 .comment       0x000000000000007c       0x7d Src/system_stm32l4xx.o
 .comment       0x000000000000007c       0x7d Src/tm_stm32_delay.o
 .comment       0x000000000000007c       0x7d Src/tm_stm32_ds18b20.o
 .comment       0x000000000000007c       0x7d Src/tm_stm32_gpio.o
 .comment       0x000000000000007c       0x7d Src/tm_stm32_onewire.o
 .comment       0x000000000000007c       0x7d Src/usart.o
 .comment       0x000000000000007c       0x7d Src/usb_otg.o

.debug_frame    0x0000000000000000     0x3fa0
 .debug_frame   0x0000000000000000      0x244 Drivers/STM32L4xx_HAL_Driver/Src/stm32l4xx_hal.o
 .debug_frame   0x0000000000000244      0x158 Drivers/STM32L4xx_HAL_Driver/Src/stm32l4xx_hal_cortex.o
 .debug_frame   0x000000000000039c      0x5f0 Drivers/STM32L4xx_HAL_Driver/Src/stm32l4xx_hal_dfsdm.o
 .debug_frame   0x000000000000098c       0xdc Drivers/STM32L4xx_HAL_Driver/Src/stm32l4xx_hal_gpio.o
 .debug_frame   0x0000000000000a68      0x8d8 Drivers/STM32L4xx_HAL_Driver/Src/stm32l4xx_hal_i2c.o
 .debug_frame   0x0000000000001340       0x90 Drivers/STM32L4xx_HAL_Driver/Src/stm32l4xx_hal_i2c_ex.o
 .debug_frame   0x00000000000013d0      0x2c8 Drivers/STM32L4xx_HAL_Driver/Src/stm32l4xx_hal_pcd.o
 .debug_frame   0x0000000000001698       0xb8 Drivers/STM32L4xx_HAL_Driver/Src/stm32l4xx_hal_pcd_ex.o
 .debug_frame   0x0000000000001750      0x118 Drivers/STM32L4xx_HAL_Driver/Src/stm32l4xx_hal_pwr.o
 .debug_frame   0x0000000000001868      0x278 Drivers/STM32L4xx_HAL_Driver/Src/stm32l4xx_hal_pwr_ex.o
 .debug_frame   0x0000000000001ae0      0x3f0 Drivers/STM32L4xx_HAL_Driver/Src/stm32l4xx_hal_qspi.o
 .debug_frame   0x0000000000001ed0      0x160 Drivers/STM32L4xx_HAL_Driver/Src/stm32l4xx_hal_rcc.o
 .debug_frame   0x0000000000002030      0x200 Drivers/STM32L4xx_HAL_Driver/Src/stm32l4xx_hal_rcc_ex.o
 .debug_frame   0x0000000000002230      0x5b0 Drivers/STM32L4xx_HAL_Driver/Src/stm32l4xx_hal_spi.o
 .debug_frame   0x00000000000027e0      0x548 Drivers/STM32L4xx_HAL_Driver/Src/stm32l4xx_hal_uart.o
 .debug_frame   0x0000000000002d28      0x424 Drivers/STM32L4xx_HAL_Driver/Src/stm32l4xx_ll_usb.o
 .debug_frame   0x000000000000314c       0x60 Src/dfsdm.o
 .debug_frame   0x00000000000031ac       0x40 Src/gpio.o
 .debug_frame   0x00000000000031ec       0x60 Src/i2c.o
 .debug_frame   0x000000000000324c       0x6c Src/main.o
 .debug_frame   0x00000000000032b8       0x60 Src/quadspi.o
 .debug_frame   0x0000000000003318       0x60 Src/spi.o
 .debug_frame   0x0000000000003378       0x28 Src/stm32l4xx_hal_msp.o
 .debug_frame   0x00000000000033a0       0xd8 Src/stm32l4xx_it.o
 .debug_frame   0x0000000000003478       0x38 Src/system_stm32l4xx.o
 .debug_frame   0x00000000000034b0      0x100 Src/tm_stm32_delay.o
 .debug_frame   0x00000000000035b0      0x13c Src/tm_stm32_ds18b20.o
 .debug_frame   0x00000000000036ec      0x1cc Src/tm_stm32_gpio.o
 .debug_frame   0x00000000000038b8      0x1d4 Src/tm_stm32_onewire.o
 .debug_frame   0x0000000000003a8c       0x80 Src/usart.o
 .debug_frame   0x0000000000003b0c       0x74 Src/usb_otg.o
 .debug_frame   0x0000000000003b80       0x2c /opt/Atollic_TrueSTUDIO_for_STM32_x86_64_9.2.0/ARMTools/bin/../lib/gcc/arm-atollic-eabi/6.3.1/../../../../arm-atollic-eabi/lib/armv7e-m/fpu/libc_nano.a(lib_a-init.o)
 .debug_frame   0x0000000000003bac       0x20 /opt/Atollic_TrueSTUDIO_for_STM32_x86_64_9.2.0/ARMTools/bin/../lib/gcc/arm-atollic-eabi/6.3.1/../../../../arm-atollic-eabi/lib/armv7e-m/fpu/libc_nano.a(lib_a-memset.o)
 .debug_frame   0x0000000000003bcc       0x38 /opt/Atollic_TrueSTUDIO_for_STM32_x86_64_9.2.0/ARMTools/bin/../lib/gcc/arm-atollic-eabi/6.3.1/../../../../arm-atollic-eabi/lib/armv7e-m/fpu/libc_nano.a(lib_a-nano-freer.o)
 .debug_frame   0x0000000000003c04       0x2c /opt/Atollic_TrueSTUDIO_for_STM32_x86_64_9.2.0/ARMTools/bin/../lib/gcc/arm-atollic-eabi/6.3.1/../../../../arm-atollic-eabi/lib/armv7e-m/fpu/libc_nano.a(lib_a-nano-mallocr.o)
 .debug_frame   0x0000000000003c30       0x2c /opt/Atollic_TrueSTUDIO_for_STM32_x86_64_9.2.0/ARMTools/bin/../lib/gcc/arm-atollic-eabi/6.3.1/../../../../arm-atollic-eabi/lib/armv7e-m/fpu/libc_nano.a(lib_a-sbrkr.o)
 .debug_frame   0x0000000000003c5c       0x7c /opt/Atollic_TrueSTUDIO_for_STM32_x86_64_9.2.0/ARMTools/bin/../lib/gcc/arm-atollic-eabi/6.3.1/../../../../arm-atollic-eabi/lib/armv7e-m/fpu/libc_nano.a(lib_a-snprintf.o)
 .debug_frame   0x0000000000003cd8       0x20 /opt/Atollic_TrueSTUDIO_for_STM32_x86_64_9.2.0/ARMTools/bin/../lib/gcc/arm-atollic-eabi/6.3.1/../../../../arm-atollic-eabi/lib/armv7e-m/fpu/libc_nano.a(lib_a-strcpy.o)
 .debug_frame   0x0000000000003cf8       0x30 /opt/Atollic_TrueSTUDIO_for_STM32_x86_64_9.2.0/ARMTools/bin/../lib/gcc/arm-atollic-eabi/6.3.1/../../../../arm-atollic-eabi/lib/armv7e-m/fpu/libc_nano.a(lib_a-mlock.o)
 .debug_frame   0x0000000000003d28       0x90 /opt/Atollic_TrueSTUDIO_for_STM32_x86_64_9.2.0/ARMTools/bin/../lib/gcc/arm-atollic-eabi/6.3.1/../../../../arm-atollic-eabi/lib/armv7e-m/fpu/libc_nano.a(lib_a-nano-svfprintf.o)
 .debug_frame   0x0000000000003db8       0x60 /opt/Atollic_TrueSTUDIO_for_STM32_x86_64_9.2.0/ARMTools/bin/../lib/gcc/arm-atollic-eabi/6.3.1/../../../../arm-atollic-eabi/lib/armv7e-m/fpu/libc_nano.a(lib_a-nano-vfprintf_i.o)
 .debug_frame   0x0000000000003e18       0x5c /opt/Atollic_TrueSTUDIO_for_STM32_x86_64_9.2.0/ARMTools/bin/../lib/gcc/arm-atollic-eabi/6.3.1/../../../../arm-atollic-eabi/lib/armv7e-m/fpu/libc_nano.a(lib_a-reent.o)
 .debug_frame   0x0000000000003e74       0x28 /opt/Atollic_TrueSTUDIO_for_STM32_x86_64_9.2.0/ARMTools/bin/../lib/gcc/arm-atollic-eabi/6.3.1/../../../../arm-atollic-eabi/lib/armv7e-m/fpu/libc_nano.a(lib_a-memcpy-stub.o)
 .debug_frame   0x0000000000003e9c       0x28 /opt/Atollic_TrueSTUDIO_for_STM32_x86_64_9.2.0/ARMTools/bin/../lib/gcc/arm-atollic-eabi/6.3.1/../../../../arm-atollic-eabi/lib/armv7e-m/fpu/libc_nano.a(lib_a-memmove.o)
 .debug_frame   0x0000000000003ec4       0x3c /opt/Atollic_TrueSTUDIO_for_STM32_x86_64_9.2.0/ARMTools/bin/../lib/gcc/arm-atollic-eabi/6.3.1/../../../../arm-atollic-eabi/lib/armv7e-m/fpu/libc_nano.a(lib_a-nano-reallocr.o)
 .debug_frame   0x0000000000003f00       0x20 /opt/Atollic_TrueSTUDIO_for_STM32_x86_64_9.2.0/ARMTools/bin/../lib/gcc/arm-atollic-eabi/6.3.1/../../../../arm-atollic-eabi/lib/armv7e-m/fpu/libc_nano.a(lib_a-nano-msizer.o)
 .debug_frame   0x0000000000003f20       0x2c /opt/Atollic_TrueSTUDIO_for_STM32_x86_64_9.2.0/ARMTools/bin/../lib/gcc/arm-atollic-eabi/6.3.1/armv7e-m/fpu/libgcc.a(_aeabi_uldivmod.o)
 .debug_frame   0x0000000000003f4c       0x34 /opt/Atollic_TrueSTUDIO_for_STM32_x86_64_9.2.0/ARMTools/bin/../lib/gcc/arm-atollic-eabi/6.3.1/armv7e-m/fpu/libgcc.a(_udivmoddi4.o)
 .debug_frame   0x0000000000003f80       0x20 /opt/Atollic_TrueSTUDIO_for_STM32_x86_64_9.2.0/ARMTools/bin/../lib/gcc/arm-atollic-eabi/6.3.1/../../../../arm-atollic-eabi/lib/armv7e-m/fpu/libnosys.a(sbrk.o)
