tm_stm32_delay.h:184:22:Delay	24	static
tm_stm32_onewire.c:28:6:TM_OneWire_Init	24	static
tm_stm32_onewire.c:40:9:TM_OneWire_Reset	8	static
tm_stm32_onewire.c:62:6:TM_OneWire_WriteBit	8	static
tm_stm32_onewire.c:90:9:TM_OneWire_ReadBit	8	static
tm_stm32_onewire.c:115:6:TM_OneWire_WriteByte	16	static
tm_stm32_onewire.c:125:9:TM_OneWire_ReadByte	16	static
tm_stm32_onewire.c:148:6:TM_OneWire_ResetSearch	0	static
tm_stm32_onewire.c:155:9:TM_OneWire_Search	32	static
tm_stm32_onewire.c:135:9:TM_OneWire_First	0	static
tm_stm32_onewire.c:143:9:TM_OneWire_Next	0	static
tm_stm32_onewire.c:264:5:TM_OneWire_Verify	40	static
tm_stm32_onewire.c:304:6:TM_OneWire_TargetSetup	0	static
tm_stm32_onewire.c:318:6:TM_OneWire_FamilySkipSetup	0	static
tm_stm32_onewire.c:329:9:TM_OneWire_GetROM	0	static
tm_stm32_onewire.c:342:6:TM_OneWire_SelectWithPointer	16	static
tm_stm32_onewire.c:333:6:TM_OneWire_Select	0	static
tm_stm32_onewire.c:351:6:TM_OneWire_GetFullROM	0	static
tm_stm32_onewire.c:358:9:TM_OneWire_CRC8	12	static
